Component: ARM Compiler 5.05 update 1 (build 106) Tool: armlink [4d0efa]

==============================================================================

Section Cross References

    startup_stm32f10x_hd.o(STACK) refers (Special) to heapauxi.o(.text) for __use_two_region_memory
    startup_stm32f10x_hd.o(HEAP) refers (Special) to heapauxi.o(.text) for __use_two_region_memory
    startup_stm32f10x_hd.o(RESET) refers (Special) to heapauxi.o(.text) for __use_two_region_memory
    startup_stm32f10x_hd.o(RESET) refers to startup_stm32f10x_hd.o(STACK) for __initial_sp
    startup_stm32f10x_hd.o(RESET) refers to startup_stm32f10x_hd.o(.text) for Reset_Handler
    startup_stm32f10x_hd.o(RESET) refers to stm32f10x_it.o(.text) for NMI_Handler
    startup_stm32f10x_hd.o(RESET) refers to stm32f10x_scom_it.o(.text) for DMA1_Channel2_IRQHandler
    startup_stm32f10x_hd.o(RESET) refers to control.o(.text) for EXTI9_5_IRQHandler
    startup_stm32f10x_hd.o(.text) refers (Special) to heapauxi.o(.text) for __use_two_region_memory
    startup_stm32f10x_hd.o(.text) refers to system_stm32f10x.o(.text) for SystemInit
    startup_stm32f10x_hd.o(.text) refers to __main.o(!!!main) for __main
    startup_stm32f10x_hd.o(.text) refers to startup_stm32f10x_hd.o(HEAP) for Heap_Mem
    startup_stm32f10x_hd.o(.text) refers to startup_stm32f10x_hd.o(STACK) for Stack_Mem
    system_stm32f10x.o(.text) refers to system_stm32f10x.o(.data) for SystemCoreClock
    stm32f10x_gpio.o(.text) refers to stm32f10x_rcc.o(.text) for RCC_APB2PeriphResetCmd
    stm32f10x_rcc.o(.text) refers to stm32f10x_rcc.o(.data) for APBAHBPrescTable
    stm32f10x_tim.o(.text) refers to stm32f10x_rcc.o(.text) for RCC_APB2PeriphResetCmd
    stm32f10x_usart.o(.text) refers to stm32f10x_rcc.o(.text) for RCC_APB2PeriphResetCmd
    stm32f10x_i2c.o(.text) refers to stm32f10x_rcc.o(.text) for RCC_APB1PeriphResetCmd
    stm32f10x_adc.o(.text) refers to stm32f10x_rcc.o(.text) for RCC_APB2PeriphResetCmd
    stm32f10x_scom.o(.text) refers to stm32f10x_gpio.o(.text) for GPIO_StructInit
    stm32f10x_scom.o(.text) refers to stm32f10x_usart.o(.text) for USART_Init
    stm32f10x_scom.o(.text) refers to misc.o(.text) for NVIC_Init
    stm32f10x_scom.o(.text) refers to stm32f10x_dma.o(.text) for DMA_DeInit
    stm32f10x_scom.o(.text) refers to stm32f10x_scom.o(.bss) for RingBuffer
    stm32f10x_scom.o(.text) refers to stm32f10x_scom_hardwaretable.o(.data) for SCOM_Hardware
    stm32f10x_scom.o(.text) refers to rt_memcpy_v6.o(.text) for __aeabi_memcpy
    stm32f10x_scom.o(.text) refers to stm32f10x_scom.o(.data) for sendNum1
    test.o(.text) refers to stm32f10x_rcc.o(.text) for RCC_APB2PeriphClockCmd
    test.o(.text) refers to delay.o(.text) for delay_init
    test.o(.text) refers to stm32f10x_stmadc.o(.text) for STMADC_StructInit
    test.o(.text) refers to stm32f10x_scom.o(.text) for SCOM_StructInit
    test.o(.text) refers to stm32f10x_oled_i2c.o(.text) for IIC_Init
    test.o(.text) refers to stm32f10x_pwm.o(.text) for ServoPWM_StructInit
    test.o(.text) refers to stm32f10x_encoder.o(.text) for ENC_StructInit
    test.o(.text) refers to stm32f10x_capture.o(.text) for Tim1_Configuration
    test.o(.text) refers to control.o(.text) for SysTime_Beat_StructInit
    test.o(.text) refers to stm32f10x_keyexti.o(.text) for LED_Init
    test.o(.text) refers to stm32f10x_stmadc.o(.data) for STMADC1_BASE
    test.o(.text) refers to stm32f10x_scom.o(.bss) for SCOM3_BASE
    test.o(.text) refers to stm32f10x_pwm.o(.bss) for ServoPWM1_BASE
    test.o(.text) refers to stm32f10x_encoder.o(.bss) for ENC1_BASE
    test.o(.text) refers to control.o(.bss) for SysTime_Beat_BASE
    test.o(.text) refers to test.o(.data) for voltage
    test.o(.text) refers to control.o(.data) for Frequency1
    stm32f10x_scom_it.o(.text) refers to stm32f10x_scom.o(.text) for SCOM_USART_IRQHandler
    stm32f10x_scom_it.o(.text) refers to stm32f10x_scom.o(.bss) for SCOM3_BASE
    delay.o(.text) refers to misc.o(.text) for SysTick_CLKSourceConfig
    delay.o(.text) refers to system_stm32f10x.o(.data) for SystemCoreClock
    delay.o(.text) refers to delay.o(.data) for fac_us
    stm32f10x_oled_i2c.o(.text) refers to stm32f10x_rcc.o(.text) for RCC_APB2PeriphClockCmd
    stm32f10x_oled_i2c.o(.text) refers to stm32f10x_gpio.o(.text) for GPIO_Init
    stm32f10x_oled_i2c.o(.text) refers to delay.o(.text) for delay_us
    stm32f10x_oled_i2c.o(.text) refers to stm32f10x_oled_i2c.o(.constdata) for F8X16
    stm32f10x_stmadc.o(.text) refers to stm32f10x_adc.o(.text) for ADC_RegularChannelConfig
    stm32f10x_stmadc.o(.text) refers to stm32f10x_gpio.o(.text) for GPIO_Init
    stm32f10x_stmadc.o(.text) refers to stm32f10x_rcc.o(.text) for RCC_APB2PeriphClockCmd
    stm32f10x_stmadc.o(.text) refers to stm32f10x_dma.o(.text) for DMA_DeInit
    stm32f10x_stmadc.o(.text) refers to stm32f10x_stmadc.o(.data) for STMADC1_BASE
    stm32f10x_stmadc.o(.text) refers to stm32f10x_stmadc_hardwaretable.o(.data) for STMADC_Hardware
[...]
    .text                                    0x080056e0   Section        0  heapauxi.o(.text)
    .text                                    0x080056e6   Section        0  _rserrno.o(.text)
    .text                                    0x080056fc   Section      100  rt_memcpy_w.o(.text)
    .text                                    0x08005760   Section        8  rt_errno_addr_intlibspace.o(.text)
    .text                                    0x08005768   Section        8  libspace.o(.text)
    .text                                    0x08005770   Section       74  sys_stackheap_outer.o(.text)
    .text                                    0x080057ba   Section        0  exit.o(.text)
    .text                                    0x080057c8   Section        0  sys_exit.o(.text)
    .text                                    0x080057d4   Section        2  use_no_semi.o(.text)
    .text                                    0x080057d6   Section        0  indicate_semi.o(.text)
    i.__ARM_fpclassify                       0x080057d6   Section        0  fpclassify.o(i.__ARM_fpclassify)
    i.__ieee754_rem_pio2                     0x08005800   Section        0  rred.o(i.__ieee754_rem_pio2)
    i.__kernel_poly                          0x08005b88   Section        0  poly.o(i.__kernel_poly)
    i.__kernel_tan                           0x08005c34   Section        0  tan_i.o(i.__kernel_tan)
    i.__mathlib_dbl_infnan                   0x08005eb0   Section        0  dunder.o(i.__mathlib_dbl_infnan)
    i.__mathlib_dbl_invalid                  0x08005eb6   Section        0  dunder.o(i.__mathlib_dbl_invalid)
    i.__mathlib_dbl_underflow                0x08005ec4   Section        0  dunder.o(i.__mathlib_dbl_underflow)
    i.tan                                    0x08005ed4   Section        0  tan.o(i.tan)
    x$fpl$d2f                                0x08005f38   Section       98  d2f.o(x$fpl$d2f)
    x$fpl$dadd                               0x08005f9c   Section      336  daddsub_clz.o(x$fpl$dadd)
    _dadd1                                   0x08005fad   Thumb Code     0  daddsub_clz.o(x$fpl$dadd)
    x$fpl$dcheck1                            0x080060ec   Section       16  dcheck1.o(x$fpl$dcheck1)
    x$fpl$ddiv                               0x080060fc   Section      688  ddiv.o(x$fpl$ddiv)
    ddiv_entry                               0x08006103   Thumb Code     0  ddiv.o(x$fpl$ddiv)
    x$fpl$dfix                               0x080063ac   Section       94  dfix.o(x$fpl$dfix)
    x$fpl$dfixu                              0x0800640c   Section       90  dfixu.o(x$fpl$dfixu)
    x$fpl$dflt                               0x08006466   Section       46  dflt_clz.o(x$fpl$dflt)
    x$fpl$dfltu                              0x08006494   Section       38  dflt_clz.o(x$fpl$dfltu)
    x$fpl$dmul                               0x080064bc   Section      340  dmul.o(x$fpl$dmul)
    x$fpl$dnaninf                            0x08006610   Section      156  dnaninf.o(x$fpl$dnaninf)
    x$fpl$dretinf                            0x080066ac   Section       12  dretinf.o(x$fpl$dretinf)
    x$fpl$drsb                               0x080066b8   Section       22  daddsub_clz.o(x$fpl$drsb)
    x$fpl$dsub                               0x080066d0   Section      468  daddsub_clz.o(x$fpl$dsub)
    _dsub1                                   0x080066e1   Thumb Code     0  daddsub_clz.o(x$fpl$dsub)
    x$fpl$f2d                                0x080068a4   Section       86  f2d.o(x$fpl$f2d)
    x$fpl$fadd                               0x080068fc   Section      196  faddsub_clz.o(x$fpl$fadd)
    _fadd1                                   0x0800690b   Thumb Code     0  faddsub_clz.o(x$fpl$fadd)
    x$fpl$ffix                               0x080069c0   Section       54  ffix.o(x$fpl$ffix)
    x$fpl$fflt                               0x080069f8   Section       48  fflt_clz.o(x$fpl$fflt)
    x$fpl$fmul                               0x08006a28   Section      258  fmul.o(x$fpl$fmul)
    x$fpl$fnaninf                            0x08006b2a   Section      140  fnaninf.o(x$fpl$fnaninf)
    x$fpl$fretinf                            0x08006bb6   Section       10  fretinf.o(x$fpl$fretinf)
    x$fpl$fsub                               0x08006bc0   Section      234  faddsub_clz.o(x$fpl$fsub)
    _fsub1                                   0x08006bcf   Thumb Code     0  faddsub_clz.o(x$fpl$fsub)
    x$fpl$retnan                             0x08006caa   Section      100  retnan.o(x$fpl$retnan)
    x$fpl$scalbn                             0x08006d0e   Section       92  scalbn.o(x$fpl$scalbn)
    x$fpl$trapveneer                         0x08006d6a   Section       48  trapv.o(x$fpl$trapveneer)
    .constdata                               0x08006d9a   Section     2072  stm32f10x_oled_i2c.o(.constdata)
    x$fpl$usenofp                            0x08006d9a   Section        0  usenofp.o(x$fpl$usenofp)
    .constdata                               0x080075b8   Section      200  rred.o(.constdata)
    pio2s                                    0x080075b8   Data          48  rred.o(.constdata)
    twooverpi                                0x080075e8   Data         152  rred.o(.constdata)
    .constdata                               0x08007680   Section       96  tan_i.o(.constdata)
    Todd                                     0x08007680   Data          48  tan_i.o(.constdata)
    Teven                                    0x080076b0   Data          48  tan_i.o(.constdata)
    .data                                    0x20000000   Section       20  system_stm32f10x.o(.data)
    .data                                    0x20000014   Section       20  stm32f10x_rcc.o(.data)
    APBAHBPrescTable                         0x20000014   Data          16  stm32f10x_rcc.o(.data)
    ADCPrescTable                            0x20000024   Data           4  stm32f10x_rcc.o(.data)
    .data                                    0x20000028   Section       32  stm32f10x_scom.o(.data)
    __SCOM_CPU_PRIMASK_REG_SAVE_VALUE        0x20000028   Data           4  stm32f10x_scom.o(.data)
    sendNum1                                 0x20000036   Data           1  stm32f10x_scom.o(.data)
    sendNum2                                 0x20000037   Data           1  stm32f10x_scom.o(.data)
    sendNum3                                 0x20000038   Data           1  stm32f10x_scom.o(.data)
    SCOM1_ByteNum                            0x20000039   Data           1  stm32f10x_scom.o(.data)
    SCOM2_ByteNum                            0x2000003a   Data           1  stm32f10x_scom.o(.data)
    SCOM3_ByteNum                            0x2000003b   Data           1  stm32f10x_scom.o(.data)
    _data_cnt                                0x2000003c   Data           1  stm32f10x_scom.o(.data)
    state                                    0x2000003d   Data           1  stm32f10x_scom.o(.data)
    Last_theta_err                           0x20000040   Data           4  stm32f10x_scom.o(.data)
    Last_rho_err                             0x20000044   Data           4  stm32f10x_scom.o(.data)
    .data                                    0x20000048   Section        2  test.o(.data)
    voltage                                  0x20000048   Data           2  test.o(.data)
    .data                                    0x2000004a   Section        4  delay.o(.data)
    fac_us                                   0x2000004a   Data           1  delay.o(.data)
    fac_ms                                   0x2000004c   Data           2  delay.o(.data)
    .data                                    0x20000050   Section       64  stm32f10x_stmadc.o(.data)
    __STMADC_CPU_PRIMASK_REG_SAVE_VALUE      0x20000084   Data           4  stm32f10x_stmadc.o(.data)
    time                                     0x20000088   Data           8  stm32f10x_stmadc.o(.data)
    .data                                    0x20000090   Section      132  control.o(.data)
    Bias                                     0x200000ec   Data           4  control.o(.data)
    Pwm                                      0x200000f0   Data           4  control.o(.data)
    Last_bias                                0x200000f4   Data           4  control.o(.data)
    Bias                                     0x200000f8   Data           4  control.o(.data)
    Pwm                                      0x200000fc   Data           4  control.o(.data)
    Last_bias                                0x20000100   Data           4  control.o(.data)
    Angle                                    0x20000104   Data           4  control.o(.data)
    Bias                                     0x20000108   Data           4  control.o(.data)
    Integral_bias                            0x2000010c   Data           4  control.o(.data)
    Last_Bias                                0x20000110   Data           4  control.o(.data)
    .data                                    0x20000114   Section      120  stm32f10x_scom_hardwaretable.o(.data)
    .data                                    0x2000018c   Section       64  stm32f10x_stmadc_hardwaretable.o(.data)
    .data                                    0x200001cc   Section       64  stm32f10x_encoder_hardwaretable.o(.data)
    .data                                    0x2000020c   Section      136  stm32f10x_pwm_hardwaretable.o(.data)
    .bss                                     0x20000294   Section      332  stm32f10x_scom.o(.bss)
    .bss                                     0x200003e0   Section      112  stm32f10x_pwm.o(.bss)
    .bss                                     0x20000450   Section       64  stm32f10x_encoder.o(.bss)
    .bss                                     0x20000490   Section       12  control.o(.bss)
    .bss                                     0x2000049c   Section       96  libspace.o(.bss)
    HEAP                                     0x20000500   Section      512  startup_stm32f10x_hd.o(HEAP)
    Heap_Mem                                 0x20000500   Data         512  startup_stm32f10x_hd.o(HEAP)
    STACK                                    0x20000700   Section     1024  startup_stm32f10x_hd.o(STACK)
    Stack_Mem                                0x20000700   Data        1024  startup_stm32f10x_hd.o(STACK)
    __initial_sp                             0x20000b00   Data           0  startup_stm32f10x_hd.o(STACK)

    Global Symbols

    Symbol Name                              Value     Ov Type        Size  Object(Section)

    BuildAttributes$$THM_ISAv4$P$D$K$B$S$PE$A:L22UL41UL21$X:L11$S22US41US21$IEEE1$IW$USESV6$~STKCKD$USESV7$~SHL$OTIME$ROPI$IEEEX$EBA8$UX$STANDARDLIB$REQ8$PRES8$EABIv2 0x00000000   Number         0  anon$$obj.o ABSOLUTE
    __ARM_use_no_argv                        0x00000000   Number         0  test.o ABSOLUTE
    __ARM_exceptions_init                     - Undefined Weak Reference
    __alloca_initialize                       - Undefined Weak Reference
    __arm_preinit_                            - Undefined Weak Reference
    __cpp_initialize__aeabi_                  - Undefined Weak Reference
    __cxa_finalize                            - Undefined Weak Reference
    __rt_locale                               - Undefined Weak Reference
    __sigvec_lookup                           - Undefined Weak Reference
    _atexit_init                              - Undefined Weak Reference
    _call_atexit_fns                          - Undefined Weak Reference
    _clock_init                               - Undefined Weak Reference
    _fp_trap_init                             - Undefined Weak Reference
    _fp_trap_shutdown                         - Undefined Weak Reference
    _get_lc_collate                           - Undefined Weak Reference
    _get_lc_ctype                             - Undefined Weak Reference
    _get_lc_monetary                          - Undefined Weak Reference
    _get_lc_numeric                           - Undefined Weak Reference
    _get_lc_time                              - Undefined Weak Reference
    _getenv_init                              - Undefined Weak Reference
    _handle_redirection                       - Undefined Weak Reference
    _init_alloc                               - Undefined Weak Reference
    _init_user_alloc                          - Undefined Weak Reference
    _initio                                   - Undefined Weak Reference
    _rand_init                                - Undefined Weak Reference
    _signal_finish                            - Undefined Weak Reference
    _signal_init                              - Undefined Weak Reference
    _terminate_alloc                          - Undefined Weak Reference
    _terminate_user_alloc                     - Undefined Weak Reference
    _terminateio                              - Undefined Weak Reference
    __Vectors_Size                           0x00000130   Number         0  startup_stm32f10x_hd.o ABSOLUTE
    __Vectors                                0x08000000   Data           4  startup_stm32f10x_hd.o(RESET)
    __Vectors_End                            0x08000130   Data           0  startup_stm32f10x_hd.o(RESET)
    __main                                   0x08000131   Thumb Code     8  __main.o(!!!main)
    __scatterload                            0x08000139   Thumb Code     0  __scatter.o(!!!scatter)
    __scatterload_rt2                        0x08000139   Thumb Code    44  __scatter.o(!!!scatter)
    __scatterload_rt2_thumb_only             0x08000139   Thumb Code     0  __scatter.o(!!!scatter)
    __scatterload_null                       0x08000147   Thumb Code     0  __scatter.o(!!!scatter)
    __decompress                             0x0800016d   Thumb Code    90  __dczerorl2.o(!!dczerorl2)
    __decompress1                            0x0800016d   Thumb Code     0  __dczerorl2.o(!!dczerorl2)
    __scatterload_zeroinit                   0x080001c9   Thumb Code    28  __scatter_zi.o(!!handler_zi)
    __rt_lib_init                            0x080001e5   Thumb Code     0  libinit.o(.ARM.Collect$$libinit$$00000000)
    __rt_lib_init_alloca_1                   0x080001e7   Thumb Code     0  libinit2.o(.ARM.Collect$$libinit$$0000002E)
    __rt_lib_init_argv_1                     0x080001e7   Thumb Code     0  libinit2.o(.ARM.Collect$$libinit$$0000002C)
    __rt_lib_init_atexit_1                   0x080001e7   Thumb Code     0  libinit2.o(.ARM.Collect$$libinit$$0000001B)
    __rt_lib_init_clock_1                    0x080001e7   Thumb Code     0  libinit2.o(.ARM.Collect$$libinit$$00000021)
    __rt_lib_init_cpp_1                      0x080001e7   Thumb Code     0  libinit2.o(.ARM.Collect$$libinit$$00000032)
    __rt_lib_init_exceptions_1               0x080001e7   Thumb Code     0  libinit2.o(.ARM.Collect$$libinit$$00000030)
    __rt_lib_init_fp_1                       0x080001e7   Thumb Code     0  libinit2.o(.ARM.Collect$$libinit$$00000002)
    __rt_lib_init_fp_trap_1                  0x080001e7   Thumb Code     0  libinit2.o(.ARM.Collect$$libinit$$0000001F)
    __rt_lib_init_getenv_1                   0x080001e7   Thumb Code     0  libinit2.o(.ARM.Collect$$libinit$$00000023)
    __rt_lib_init_heap_1                     0x080001e7   Thumb Code     0  libinit2.o(.ARM.Collect$$libinit$$0000000A)
    __rt_lib_init_lc_collate_1               0x080001e7   Thumb Code     0  libinit2.o(.ARM.Collect$$libinit$$00000011)
    __rt_lib_init_lc_ctype_1                 0x080001e7   Thumb Code     0  libinit2.o(.ARM.Collect$$libinit$$00000013)
    __rt_lib_init_lc_monetary_1              0x080001e7   Thumb Code     0  libinit2.o(.ARM.Collect$$libinit$$00000015)
    __rt_lib_init_lc_numeric_1               0x080001e7   Thumb Code     0  libinit2.o(.ARM.Collect$$libinit$$00000017)
    __rt_lib_init_lc_time_1                  0x080001e7   Thumb Code     0  libinit2.o(.ARM.Collect$$libinit$$00000019)
    __rt_lib_init_preinit_1                  0x080001e7   Thumb Code     0  libinit2.o(.ARM.Collect$$libinit$$00000004)
    __rt_lib_init_rand_1                     0x080001e7   Thumb Code     0  libinit2.o(.ARM.Collect$$libinit$$0000000E)
    __rt_lib_init_return                     0x080001e7   Thumb Code     0  libinit2.o(.ARM.Collect$$libinit$$00000033)
    __rt_lib_init_signal_1                   0x080001e7   Thumb Code     0  libinit2.o(.ARM.Collect$$libinit$$0000001D)
    __rt_lib_init_stdio_1                    0x080001e7   Thumb Code     0  libinit2.o(.ARM.Collect$$libinit$$00000025)
    __rt_lib_init_user_alloc_1               0x080001e7   Thumb Code     0  libinit2.o(.ARM.Collect$$libinit$$0000000C)
    __rt_lib_shutdown                        0x080001e9   Thumb Code     0  libshutdown.o(.ARM.Collect$$libshutdown$$00000000)
    __rt_lib_shutdown_fp_trap_1              0x080001eb   Thumb Code     0  libshutdown2.o(.ARM.Collect$$libshutdown$$00000006)
    __rt_lib_shutdown_heap_1                 0x080001eb   Thumb Code     0  libshutdown2.o(.ARM.Collect$$libshutdown$$0000000E)
    __rt_lib_shutdown_return                 0x080001eb   Thumb Code     0  libshutdown2.o(.ARM.Collect$$libshutdown$$0000000F)
    __rt_lib_shutdown_signal_1               0x080001eb   Thumb Code     0  libshutdown2.o(.ARM.Collect$$libshutdown$$00000009)
    __rt_lib_shutdown_stdio_1                0x080001eb   Thumb Code     0  libshutdown2.o(.ARM.Collect$$libshutdown$$00000003)
    __rt_lib_shutdown_user_alloc_1           0x080001eb   Thumb Code     0  libshutdown2.o(.ARM.Collect$$libshutdown$$0000000B)
    __rt_entry                               0x080001ed   Thumb Code     0  __rtentry.o(.ARM.Collect$$rtentry$$00000000)
    __rt_entry_presh_1                       0x080001ed   Thumb Code     0  __rtentry2.o(.ARM.Collect$$rtentry$$00000002)
    __rt_entry_sh                            0x080001ed   Thumb Code     0  __rtentry4.o(.ARM.Collect$$rtentry$$00000004)
    __rt_entry_li                            0x080001f3   Thumb Code     0  __rtentry2.o(.ARM.Collect$$rtentry$$0000000A)
    __rt_entry_postsh_1                      0x080001f3   Thumb Code     0  __rtentry2.o(.ARM.Collect$$rtentry$$00000009)
    __rt_entry_main                          0x080001f7   Thumb Code     0  __rtentry2.o(.ARM.Collect$$rtentry$$0000000D)
    __rt_entry_postli_1                      0x080001f7   Thumb Code     0  __rtentry2.o(.ARM.Collect$$rtentry$$0000000C)
    __rt_exit                                0x080001ff   Thumb Code     0  rtexit.o(.ARM.Collect$$rtexit$$00000000)
    __rt_exit_ls                             0x08000201   Thumb Code     0  rtexit2.o(.ARM.Collect$$rtexit$$00000003)
    __rt_exit_prels_1                        0x08000201   Thumb Code     0  rtexit2.o(.ARM.Collect$$rtexit$$00000002)
    __rt_exit_exit                           0x08000205   Thumb Code     0  rtexit2.o(.ARM.Collect$$rtexit$$00000004)
    Reset_Handler                            0x0800020d   Thumb Code     8  startup_stm32f10x_hd.o(.text)
    ADC1_2_IRQHandler                        0x08000227   Thumb Code     0  startup_stm32f10x_hd.o(.text)
    ADC3_IRQHandler                          0x08000227   Thumb Code     0  startup_stm32f10x_hd.o(.text)
    CAN1_RX1_IRQHandler                      0x08000227   Thumb Code     0  startup_stm32f10x_hd.o(.text)
    CAN1_SCE_IRQHandler                      0x08000227   Thumb Code     0  startup_stm32f10x_hd.o(.text)
    DMA1_Channel1_IRQHandler                 0x08000227   Thumb Code     0  startup_stm32f10x_hd.o(.text)
    DMA1_Channel3_IRQHandler                 0x08000227   Thumb Code     0  startup_stm32f10x_hd.o(.text)
    DMA1_Channel5_IRQHandler                 0x08000227   Thumb Code     0  startup_stm32f10x_hd.o(.text)
    DMA1_Channel6_IRQHandler                 0x08000227   Thumb Code     0  startup_stm32f10x_hd.o(.text)
    DMA2_Channel1_IRQHandler                 0x08000227   Thumb Code     0  startup_stm32f10x_hd.o(.text)
    DMA2_Channel2_IRQHandler                 0x08000227   Thumb Code     0  startup_stm32f10x_hd.o(.text)
    DMA2_Channel3_IRQHandler                 0x08000227   Thumb Code     0  startup_stm32f10x_hd.o(.text)
    DMA2_Channel4_5_IRQHandler               0x08000227   Thumb Code     0  startup_stm32f10x_hd.o(.text)
    EXTI0_IRQHandler                         0x08000227   Thumb Code     0  startup_stm32f10x_hd.o(.text)
    EXTI1_IRQHandler                         0x08000227   Thumb Code     0  startup_stm32f10x_hd.o(.text)
    EXTI2_IRQHandler                         0x08000227   Thumb Code     0  startup_stm32f10x_hd.o(.text)
    EXTI3_IRQHandler                         0x08000227   Thumb Code     0  startup_stm32f10x_hd.o(.text)
    EXTI4_IRQHandler                         0x08000227   Thumb Code     0  startup_stm32f10x_hd.o(.text)
    FLASH_IRQHandler                         0x08000227   Thumb Code     0  startup_stm32f10x_hd.o(.text)
    FSMC_IRQHandler                          0x08000227   Thumb Code     0  startup_stm32f10x_hd.o(.text)
    I2C1_ER_IRQHandler                       0x08000227   Thumb Code     0  startup_stm32f10x_hd.o(.text)
    I2C1_EV_IRQHandler                       0x08000227   Thumb Code     0  startup_stm32f10x_hd.o(.text)
    I2C2_ER_IRQHandler                       0x08000227   Thumb Code     0  startup_stm32f10x_hd.o(.text)
    I2C2_EV_IRQHandler                       0x08000227   Thumb Code     0  startup_stm32f10x_hd.o(.text)
    PVD_IRQHandler                           0x08000227   Thumb Code     0  startup_stm32f10x_hd.o(.text)
    RCC_IRQHandler                           0x08000227   Thumb Code     0  startup_stm32f10x_hd.o(.text)
    RTCAlarm_IRQHandler                      0x08000227   Thumb Code     0  startup_stm32f10x_hd.o(.text)
    RTC_IRQHandler                           0x08000227   Thumb Code     0  startup_stm32f10x_hd.o(.text)
    SDIO_IRQHandler                          0x08000227   Thumb Code     0  startup_stm32f10x_hd.o(.text)
    SPI1_IRQHandler                          0x08000227   Thumb Code     0  startup_stm32f10x_hd.o(.text)
    SPI2_IRQHandler                          0x08000227   Thumb Code     0  startup_stm32f10x_hd.o(.text)
    SPI3_IRQHandler                          0x08000227   Thumb Code     0  startup_stm32f10x_hd.o(.text)
    TAMPER_IRQHandler                        0x08000227   Thumb Code     0  startup_stm32f10x_hd.o(.text)
    TIM1_BRK_IRQHandler                      0x08000227   Thumb Code     0  startup_stm32f10x_hd.o(.text)
    TIM1_CC_IRQHandler                       0x08000227   Thumb Code     0  startup_stm32f10x_hd.o(.text)
    TIM1_TRG_COM_IRQHandler                  0x08000227   Thumb Code     0  startup_stm32f10x_hd.o(.text)
    TIM1_UP_IRQHandler                       0x08000227   Thumb Code     0  startup_stm32f10x_hd.o(.text)
    TIM3_IRQHandler                          0x08000227   Thumb Code     0  startup_stm32f10x_hd.o(.text)
    TIM4_IRQHandler                          0x08000227   Thumb Code     0  startup_stm32f10x_hd.o(.text)
    TIM5_IRQHandler                          0x08000227   Thumb Code     0  startup_stm32f10x_hd.o(.text)
    TIM6_IRQHandler                          0x08000227   Thumb Code     0  startup_stm32f10x_hd.o(.text)
    TIM7_IRQHandler                          0x08000227   Thumb Code     0  startup_stm32f10x_hd.o(.text)
    TIM8_BRK_IRQHandler                      0x08000227   Thumb Code     0  startup_stm32f10x_hd.o(.text)
    TIM8_CC_IRQHandler                       0x08000227   Thumb Code     0  startup_stm32f10x_hd.o(.text)
    TIM8_TRG_COM_IRQHandler                  0x08000227   Thumb Code     0  startup_stm32f10x_hd.o(.text)
    TIM8_UP_IRQHandler                       0x08000227   Thumb Code     0  startup_stm32f10x_hd.o(.text)
    UART4_IRQHandler                         0x08000227   Thumb Code     0  startup_stm32f10x_hd.o(.text)
    UART5_IRQHandler                         0x08000227   Thumb Code     0  startup_stm32f10x_hd.o(.text)
    USBWakeUp_IRQHandler                     0x08000227   Thumb Code     0  startup_stm32f10x_hd.o(.text)
    USB_HP_CAN1_TX_IRQHandler                0x08000227   Thumb Code     0  startup_stm32f10x_hd.o(.text)
    USB_LP_CAN1_RX0_IRQHandler               0x08000227   Thumb Code     0  startup_stm32f10x_hd.o(.text)
    WWDG_IRQHandler                          0x08000227   Thumb Code     0  startup_stm32f10x_hd.o(.text)
    __user_initial_stackheap                 0x08000229   Thumb Code     0  startup_stm32f10x_hd.o(.text)
    SystemInit                               0x0800032b   Thumb Code    78  system_stm32f10x.o(.text)
    SystemCoreClockUpdate                    0x08000379   Thumb Code   142  system_stm32f10x.o(.text)
    NMI_Handler                              0x0800042d   Thumb Code     2  stm32f10x_it.o(.text)
    HardFault_Handler                        0x0800042f   Thumb Code     4  stm32f10x_it.o(.text)
    MemManage_Handler                        0x08000433   Thumb Code     4  stm32f10x_it.o(.text)
    BusFault_Handler                         0x08000437   Thumb Code     4  stm32f10x_it.o(.text)
    UsageFault_Handler                       0x0800043b   Thumb Code     4  stm32f10x_it.o(.text)
    SVC_Handler                              0x0800043f   Thumb Code     2  stm32f10x_it.o(.text)
    DebugMon_Handler                         0x08000441   Thumb Code     2  stm32f10x_it.o(.text)
    PendSV_Handler                           0x08000443   Thumb Code     2  stm32f10x_it.o(.text)
    SysTick_Handler                          0x08000445   Thumb Code     2  stm32f10x_it.o(.text)
    DMA_DeInit                               0x08000449   Thumb Code   324  stm32f10x_dma.o(.text)
    DMA_Init                                 0x0800058d   Thumb Code    60  stm32f10x_dma.o(.text)
    DMA_StructInit                           0x080005c9   Thumb Code    26  stm32f10x_dma.o(.text)
    DMA_Cmd                                  0x080005e3   Thumb Code    24  stm32f10x_dma.o(.text)
    DMA_ITConfig                             0x080005fb   Thumb Code    18  stm32f10x_dma.o(.text)
    DMA_SetCurrDataCounter                   0x0800060d   Thumb Code     4  stm32f10x_dma.o(.text)
    DMA_GetCurrDataCounter                   0x08000611   Thumb Code     8  stm32f10x_dma.o(.text)
    DMA_GetFlagStatus                        0x08000619   Thumb Code    40  stm32f10x_dma.o(.text)
    DMA_ClearFlag                            0x08000641   Thumb Code    22  stm32f10x_dma.o(.text)
    DMA_GetITStatus                          0x08000657   Thumb Code    40  stm32f10x_dma.o(.text)
    DMA_ClearITPendingBit                    0x0800067f   Thumb Code    22  stm32f10x_dma.o(.text)
    GPIO_DeInit                              0x0800069d   Thumb Code   172  stm32f10x_gpio.o(.text)
    GPIO_AFIODeInit                          0x08000749   Thumb Code    20  stm32f10x_gpio.o(.text)
    GPIO_Init                                0x0800075d   Thumb Code   278  stm32f10x_gpio.o(.text)
    GPIO_StructInit                          0x08000873   Thumb Code    16  stm32f10x_gpio.o(.text)
    GPIO_ReadInputDataBit                    0x08000883   Thumb Code    18  stm32f10x_gpio.o(.text)
    GPIO_ReadInputData                       0x08000895   Thumb Code     8  stm32f10x_gpio.o(.text)
    GPIO_ReadOutputDataBit                   0x0800089d   Thumb Code    18  stm32f10x_gpio.o(.text)
    GPIO_ReadOutputData                      0x080008af   Thumb Code     8  stm32f10x_gpio.o(.text)
    GPIO_SetBits                             0x080008b7   Thumb Code     4  stm32f10x_gpio.o(.text)
    GPIO_ResetBits                           0x080008bb   Thumb Code     4  stm32f10x_gpio.o(.text)
    GPIO_WriteBit                            0x080008bf   Thumb Code    10  stm32f10x_gpio.o(.text)
    GPIO_Write                               0x080008c9   Thumb Code     4  stm32f10x_gpio.o(.text)
    GPIO_PinLockConfig                       0x080008cd   Thumb Code    18  stm32f10x_gpio.o(.text)
    GPIO_EventOutputConfig                   0x080008df   Thumb Code    26  stm32f10x_gpio.o(.text)
    GPIO_EventOutputCmd                      0x080008f9   Thumb Code     6  stm32f10x_gpio.o(.text)
    GPIO_PinRemapConfig                      0x080008ff   Thumb Code   138  stm32f10x_gpio.o(.text)
    GPIO_EXTILineConfig                      0x08000989   Thumb Code    66  stm32f10x_gpio.o(.text)
    GPIO_ETH_MediaInterfaceConfig            0x080009cb   Thumb Code     8  stm32f10x_gpio.o(.text)
    RCC_DeInit                               0x080009f9   Thumb Code    64  stm32f10x_rcc.o(.text)
    RCC_HSEConfig                            0x08000a39   Thumb Code    70  stm32f10x_rcc.o(.text)
    RCC_GetFlagStatus                        0x08000a7f   Thumb Code    56  stm32f10x_rcc.o(.text)
    RCC_WaitForHSEStartUp                    0x08000ab7   Thumb Code    56  stm32f10x_rcc.o(.text)
    RCC_AdjustHSICalibrationValue            0x08000aef   Thumb Code    20  stm32f10x_rcc.o(.text)
    RCC_HSICmd                               0x08000b03   Thumb Code     6  stm32f10x_rcc.o(.text)
    RCC_PLLConfig                            0x08000b09   Thumb Code    24  stm32f10x_rcc.o(.text)
    RCC_PLLCmd                               0x08000b21   Thumb Code     6  stm32f10x_rcc.o(.text)
    RCC_SYSCLKConfig                         0x08000b27   Thumb Code    18  stm32f10x_rcc.o(.text)
    RCC_GetSYSCLKSource                      0x08000b39   Thumb Code    10  stm32f10x_rcc.o(.text)
    RCC_HCLKConfig                           0x08000b43   Thumb Code    18  stm32f10x_rcc.o(.text)
    RCC_PCLK1Config                          0x08000b55   Thumb Code    18  stm32f10x_rcc.o(.text)
    RCC_PCLK2Config                          0x08000b67   Thumb Code    20  stm32f10x_rcc.o(.text)
    RCC_ITConfig                             0x08000b7b   Thumb Code    26  stm32f10x_rcc.o(.text)
    RCC_USBCLKConfig                         0x08000b95   Thumb Code     8  stm32f10x_rcc.o(.text)
    RCC_ADCCLKConfig                         0x08000b9d   Thumb Code    18  stm32f10x_rcc.o(.text)
    RCC_LSEConfig                            0x08000baf   Thumb Code    50  stm32f10x_rcc.o(.text)
    RCC_LSICmd                               0x08000be1   Thumb Code     6  stm32f10x_rcc.o(.text)
    RCC_RTCCLKConfig                         0x08000be7   Thumb Code    12  stm32f10x_rcc.o(.text)
    RCC_RTCCLKCmd                            0x08000bf3   Thumb Code     8  stm32f10x_rcc.o(.text)
    RCC_GetClocksFreq                        0x08000bfb   Thumb Code   192  stm32f10x_rcc.o(.text)
    RCC_AHBPeriphClockCmd                    0x08000cbb   Thumb Code    26  stm32f10x_rcc.o(.text)
    RCC_APB2PeriphClockCmd                   0x08000cd5   Thumb Code    26  stm32f10x_rcc.o(.text)
    RCC_APB1PeriphClockCmd                   0x08000cef   Thumb Code    26  stm32f10x_rcc.o(.text)
    RCC_APB2PeriphResetCmd                   0x08000d09   Thumb Code    26  stm32f10x_rcc.o(.text)
    RCC_APB1PeriphResetCmd                   0x08000d23   Thumb Code    26  stm32f10x_rcc.o(.text)
    RCC_BackupResetCmd                       0x08000d3d   Thumb Code     8  stm32f10x_rcc.o(.text)
    RCC_ClockSecuritySystemCmd               0x08000d45   Thumb Code     6  stm32f10x_rcc.o(.text)
    RCC_MCOConfig                            0x08000d4b   Thumb Code     6  stm32f10x_rcc.o(.text)
    RCC_ClearFlag                            0x08000d51   Thumb Code    14  stm32f10x_rcc.o(.text)
    RCC_GetITStatus                          0x08000d5f   Thumb Code    20  stm32f10x_rcc.o(.text)
    RCC_ClearITPendingBit                    0x08000d73   Thumb Code     6  stm32f10x_rcc.o(.text)
    TIM_DeInit                               0x08000d9d   Thumb Code   424  stm32f10x_tim.o(.text)
    TIM_TimeBaseInit                         0x08000f45   Thumb Code   122  stm32f10x_tim.o(.text)
    TIM_OC1Init                              0x08000fbf   Thumb Code   132  stm32f10x_tim.o(.text)
    TIM_OC2Init                              0x08001043   Thumb Code   154  stm32f10x_tim.o(.text)
    TIM_OC3Init                              0x080010dd   Thumb Code   150  stm32f10x_tim.o(.text)
    TIM_OC4Init                              0x08001173   Thumb Code   182  stm32f10x_tim.o(.text)
    TIM_SetIC4Prescaler                      0x08001229   Thumb Code    26  stm32f10x_tim.o(.text)
    TIM_SetIC3Prescaler                      0x080012c5   Thumb Code    18  stm32f10x_tim.o(.text)
    TIM_SetIC2Prescaler                      0x08001351   Thumb Code    26  stm32f10x_tim.o(.text)
    TIM_SetIC1Prescaler                      0x080013ed   Thumb Code    18  stm32f10x_tim.o(.text)
    TIM_ICInit                               0x0800146b   Thumb Code   150  stm32f10x_tim.o(.text)
    TIM_PWMIConfig                           0x08001501   Thumb Code   124  stm32f10x_tim.o(.text)
    TIM_BDTRConfig                           0x0800157d   Thumb Code    32  stm32f10x_tim.o(.text)
    TIM_TimeBaseStructInit                   0x0800159d   Thumb Code    18  stm32f10x_tim.o(.text)
    TIM_OCStructInit                         0x080015af   Thumb Code    20  stm32f10x_tim.o(.text)
    TIM_ICStructInit                         0x080015c3   Thumb Code    18  stm32f10x_tim.o(.text)
    TIM_BDTRStructInit                       0x080015d5   Thumb Code    40  stm32f10x_tim.o(.text)
    TIM_Cmd                                  0x080015fd   Thumb Code    24  stm32f10x_tim.o(.text)
    TIM_CtrlPWMOutputs                       0x08001615   Thumb Code    30  stm32f10x_tim.o(.text)
    TIM_ITConfig                             0x08001633   Thumb Code    18  stm32f10x_tim.o(.text)
    TIM_GenerateEvent                        0x08001645   Thumb Code     4  stm32f10x_tim.o(.text)
    TIM_DMAConfig                            0x08001649   Thumb Code    10  stm32f10x_tim.o(.text)
    TIM_DMACmd                               0x08001653   Thumb Code    18  stm32f10x_tim.o(.text)
    TIM_InternalClockConfig                  0x08001665   Thumb Code    12  stm32f10x_tim.o(.text)
    TIM_SelectInputTrigger                   0x08001671   Thumb Code    18  stm32f10x_tim.o(.text)
    TIM_ITRxExternalClockConfig              0x08001683   Thumb Code    24  stm32f10x_tim.o(.text)
    TIM_TIxExternalClockConfig               0x0800169b   Thumb Code    62  stm32f10x_tim.o(.text)
    TIM_ETRConfig                            0x080016d9   Thumb Code    28  stm32f10x_tim.o(.text)
    TIM_ETRClockMode1Config                  0x080016f5   Thumb Code    54  stm32f10x_tim.o(.text)
    TIM_ETRClockMode2Config                  0x0800172b   Thumb Code    32  stm32f10x_tim.o(.text)
    TIM_PrescalerConfig                      0x0800174b   Thumb Code     6  stm32f10x_tim.o(.text)
    TIM_CounterModeConfig                    0x08001751   Thumb Code    18  stm32f10x_tim.o(.text)
    TIM_EncoderInterfaceConfig               0x08001763   Thumb Code    66  stm32f10x_tim.o(.text)
    TIM_ForcedOC1Config                      0x080017a5   Thumb Code    18  stm32f10x_tim.o(.text)
    TIM_ForcedOC2Config                      0x080017b7   Thumb Code    26  stm32f10x_tim.o(.text)
    TIM_ForcedOC3Config                      0x080017d1   Thumb Code    18  stm32f10x_tim.o(.text)
    TIM_ForcedOC4Config                      0x080017e3   Thumb Code    26  stm32f10x_tim.o(.text)
    TIM_ARRPreloadConfig                     0x080017fd   Thumb Code    24  stm32f10x_tim.o(.text)
    TIM_SelectCOM                            0x08001815   Thumb Code    24  stm32f10x_tim.o(.text)
    TIM_SelectCCDMA                          0x0800182d   Thumb Code    24  stm32f10x_tim.o(.text)
    TIM_CCPreloadControl                     0x08001845   Thumb Code    24  stm32f10x_tim.o(.text)
    TIM_OC1PreloadConfig                     0x0800185d   Thumb Code    18  stm32f10x_tim.o(.text)
    TIM_OC2PreloadConfig                     0x0800186f   Thumb Code    26  stm32f10x_tim.o(.text)
    TIM_OC3PreloadConfig                     0x08001889   Thumb Code    18  stm32f10x_tim.o(.text)
    TIM_OC4PreloadConfig                     0x0800189b   Thumb Code    26  stm32f10x_tim.o(.text)
    TIM_OC1FastConfig                        0x080018b5   Thumb Code    18  stm32f10x_tim.o(.text)
    TIM_OC2FastConfig                        0x080018c7   Thumb Code    26  stm32f10x_tim.o(.text)
    TIM_OC3FastConfig                        0x080018e1   Thumb Code    18  stm32f10x_tim.o(.text)
    TIM_OC4FastConfig                        0x080018f3   Thumb Code    26  stm32f10x_tim.o(.text)
    TIM_ClearOC1Ref                          0x0800190d   Thumb Code    18  stm32f10x_tim.o(.text)
    TIM_ClearOC2Ref                          0x0800191f   Thumb Code    24  stm32f10x_tim.o(.text)
    TIM_ClearOC3Ref                          0x08001937   Thumb Code    18  stm32f10x_tim.o(.text)
    TIM_ClearOC4Ref                          0x08001949   Thumb Code    24  stm32f10x_tim.o(.text)
    TIM_OC1PolarityConfig                    0x08001961   Thumb Code    18  stm32f10x_tim.o(.text)
    TIM_OC1NPolarityConfig                   0x08001973   Thumb Code    18  stm32f10x_tim.o(.text)
    TIM_OC2PolarityConfig                    0x08001985   Thumb Code    26  stm32f10x_tim.o(.text)
    TIM_OC2NPolarityConfig                   0x0800199f   Thumb Code    26  stm32f10x_tim.o(.text)
    TIM_OC3PolarityConfig                    0x080019b9   Thumb Code    26  stm32f10x_tim.o(.text)
    TIM_OC3NPolarityConfig                   0x080019d3   Thumb Code    26  stm32f10x_tim.o(.text)
    TIM_OC4PolarityConfig                    0x080019ed   Thumb Code    26  stm32f10x_tim.o(.text)
    TIM_CCxCmd                               0x08001a07   Thumb Code    30  stm32f10x_tim.o(.text)
    TIM_CCxNCmd                              0x08001a25   Thumb Code    30  stm32f10x_tim.o(.text)
    TIM_SelectOCxM                           0x08001a43   Thumb Code    82  stm32f10x_tim.o(.text)
    TIM_UpdateDisableConfig                  0x08001a95   Thumb Code    24  stm32f10x_tim.o(.text)
    TIM_UpdateRequestConfig                  0x08001aad   Thumb Code    24  stm32f10x_tim.o(.text)
    TIM_SelectHallSensor                     0x08001ac5   Thumb Code    24  stm32f10x_tim.o(.text)
    TIM_SelectOnePulseMode                   0x08001add   Thumb Code    18  stm32f10x_tim.o(.text)
    TIM_SelectOutputTrigger                  0x08001aef   Thumb Code    18  stm32f10x_tim.o(.text)
    TIM_SelectSlaveMode                      0x08001b01   Thumb Code    18  stm32f10x_tim.o(.text)
    TIM_SelectMasterSlaveMode                0x08001b13   Thumb Code    18  stm32f10x_tim.o(.text)
    TIM_SetCounter                           0x08001b25   Thumb Code     4  stm32f10x_tim.o(.text)
    TIM_SetAutoreload                        0x08001b29   Thumb Code     4  stm32f10x_tim.o(.text)
    TIM_SetCompare1                          0x08001b2d   Thumb Code     4  stm32f10x_tim.o(.text)
    TIM_SetCompare2                          0x08001b31   Thumb Code     4  stm32f10x_tim.o(.text)
    TIM_SetCompare3                          0x08001b35   Thumb Code     4  stm32f10x_tim.o(.text)
    TIM_SetCompare4                          0x08001b39   Thumb Code     6  stm32f10x_tim.o(.text)
    TIM_SetClockDivision                     0x08001b3f   Thumb Code    18  stm32f10x_tim.o(.text)
    TIM_GetCapture1                          0x08001b51   Thumb Code     6  stm32f10x_tim.o(.text)
    TIM_GetCapture2                          0x08001b57   Thumb Code     6  stm32f10x_tim.o(.text)
    TIM_GetCapture3                          0x08001b5d   Thumb Code     6  stm32f10x_tim.o(.text)
    TIM_GetCapture4                          0x08001b63   Thumb Code     8  stm32f10x_tim.o(.text)
    TIM_GetCounter                           0x08001b6b   Thumb Code     6  stm32f10x_tim.o(.text)
    TIM_GetPrescaler                         0x08001b71   Thumb Code     6  stm32f10x_tim.o(.text)
    TIM_GetFlagStatus                        0x08001b77   Thumb Code    18  stm32f10x_tim.o(.text)
    TIM_ClearFlag                            0x08001b89   Thumb Code     6  stm32f10x_tim.o(.text)
    TIM_GetITStatus                          0x08001b8f   Thumb Code    34  stm32f10x_tim.o(.text)
    TIM_ClearITPendingBit                    0x08001bb1   Thumb Code     6  stm32f10x_tim.o(.text)
    USART_DeInit                             0x08001bb9   Thumb Code   134  stm32f10x_usart.o(.text)
    USART_Init                               0x08001c3f   Thumb Code   210  stm32f10x_usart.o(.text)
    USART_StructInit                         0x08001d11   Thumb Code    24  stm32f10x_usart.o(.text)
    USART_ClockInit                          0x08001d29   Thumb Code    34  stm32f10x_usart.o(.text)
    USART_ClockStructInit                    0x08001d4b   Thumb Code    12  stm32f10x_usart.o(.text)
    USART_Cmd                                0x08001d57   Thumb Code    24  stm32f10x_usart.o(.text)
    USART_ITConfig                           0x08001d6f   Thumb Code    74  stm32f10x_usart.o(.text)
    USART_DMACmd                             0x08001db9   Thumb Code    18  stm32f10x_usart.o(.text)
    USART_SetAddress                         0x08001dcb   Thumb Code    18  stm32f10x_usart.o(.text)
    USART_WakeUpConfig                       0x08001ddd   Thumb Code    18  stm32f10x_usart.o(.text)
    USART_ReceiverWakeUpCmd                  0x08001def   Thumb Code    24  stm32f10x_usart.o(.text)
    USART_LINBreakDetectLengthConfig         0x08001e07   Thumb Code    18  stm32f10x_usart.o(.text)
    USART_LINCmd                             0x08001e19   Thumb Code    24  stm32f10x_usart.o(.text)
    USART_SendData                           0x08001e31   Thumb Code     8  stm32f10x_usart.o(.text)
    USART_ReceiveData                        0x08001e39   Thumb Code    10  stm32f10x_usart.o(.text)
    USART_SendBreak                          0x08001e43   Thumb Code    10  stm32f10x_usart.o(.text)
    USART_SetGuardTime                       0x08001e4d   Thumb Code    16  stm32f10x_usart.o(.text)
    USART_SetPrescaler                       0x08001e5d   Thumb Code    16  stm32f10x_usart.o(.text)
    USART_SmartCardCmd                       0x08001e6d   Thumb Code    24  stm32f10x_usart.o(.text)
    USART_SmartCardNACKCmd                   0x08001e85   Thumb Code    24  stm32f10x_usart.o(.text)
    USART_HalfDuplexCmd                      0x08001e9d   Thumb Code    24  stm32f10x_usart.o(.text)
    USART_OverSampling8Cmd                   0x08001eb5   Thumb Code    22  stm32f10x_usart.o(.text)
    USART_OneBitMethodCmd                    0x08001ecb   Thumb Code    24  stm32f10x_usart.o(.text)
    USART_IrDAConfig                         0x08001ee3   Thumb Code    18  stm32f10x_usart.o(.text)
    USART_IrDACmd                            0x08001ef5   Thumb Code    24  stm32f10x_usart.o(.text)
    USART_GetFlagStatus                      0x08001f0d   Thumb Code    26  stm32f10x_usart.o(.text)
    USART_ClearFlag                          0x08001f27   Thumb Code    18  stm32f10x_usart.o(.text)
    USART_GetITStatus                        0x08001f39   Thumb Code    84  stm32f10x_usart.o(.text)
    USART_ClearITPendingBit                  0x08001f8d   Thumb Code    52  stm32f10x_usart.o(.text)
    NVIC_PriorityGroupConfig                 0x08001fc1   Thumb Code    10  misc.o(.text)
    NVIC_Init                                0x08001fcb   Thumb Code   100  misc.o(.text)
    NVIC_SetVectorTable                      0x0800202f   Thumb Code    14  misc.o(.text)
    NVIC_SystemLPConfig                      0x0800203d   Thumb Code    34  misc.o(.text)
    SysTick_CLKSourceConfig                  0x0800205f   Thumb Code    40  misc.o(.text)
    ADC_DeInit                               0x0800209d   Thumb Code    78  stm32f10x_adc.o(.text)
    ADC_Init                                 0x080020eb   Thumb Code    70  stm32f10x_adc.o(.text)
    ADC_StructInit                           0x08002131   Thumb Code    18  stm32f10x_adc.o(.text)
    ADC_Cmd                                  0x08002143   Thumb Code    22  stm32f10x_adc.o(.text)
    ADC_DMACmd                               0x08002159   Thumb Code    22  stm32f10x_adc.o(.text)
    ADC_ITConfig                             0x0800216f   Thumb Code    24  stm32f10x_adc.o(.text)
    ADC_ResetCalibration                     0x08002187   Thumb Code    10  stm32f10x_adc.o(.text)
    ADC_GetResetCalibrationStatus            0x08002191   Thumb Code    20  stm32f10x_adc.o(.text)
    ADC_StartCalibration                     0x080021a5   Thumb Code    10  stm32f10x_adc.o(.text)
    ADC_GetCalibrationStatus                 0x080021af   Thumb Code    20  stm32f10x_adc.o(.text)
    ADC_SoftwareStartConvCmd                 0x080021c3   Thumb Code    22  stm32f10x_adc.o(.text)
    ADC_GetSoftwareStartConvStatus           0x080021d9   Thumb Code    20  stm32f10x_adc.o(.text)
    ADC_DiscModeChannelCountConfig           0x080021ed   Thumb Code    24  stm32f10x_adc.o(.text)
    ADC_DiscModeCmd                          0x08002205   Thumb Code    22  stm32f10x_adc.o(.text)
    ADC_RegularChannelConfig                 0x0800221b   Thumb Code   184  stm32f10x_adc.o(.text)
    ADC_ExternalTrigConvCmd                  0x080022d3   Thumb Code    22  stm32f10x_adc.o(.text)
    ADC_GetConversionValue                   0x080022e9   Thumb Code     8  stm32f10x_adc.o(.text)
    ADC_GetDualModeConversionValue           0x080022f1   Thumb Code     8  stm32f10x_adc.o(.text)
    ADC_AutoInjectedConvCmd                  0x080022f9   Thumb Code    22  stm32f10x_adc.o(.text)
    ADC_InjectedDiscModeCmd                  0x0800230f   Thumb Code    22  stm32f10x_adc.o(.text)
    ADC_ExternalTrigInjectedConvConfig       0x08002325   Thumb Code    16  stm32f10x_adc.o(.text)
    ADC_ExternalTrigInjectedConvCmd          0x08002335   Thumb Code    22  stm32f10x_adc.o(.text)
    ADC_SoftwareStartInjectedConvCmd         0x0800234b   Thumb Code    22  stm32f10x_adc.o(.text)
    ADC_GetSoftwareStartInjectedConvCmdStatus 0x08002361   Thumb Code    20  stm32f10x_adc.o(.text)
    ADC_InjectedChannelConfig                0x08002375   Thumb Code   130  stm32f10x_adc.o(.text)
    ADC_InjectedSequencerLengthConfig        0x080023f7   Thumb Code    24  stm32f10x_adc.o(.text)
    ADC_SetInjectedOffset                    0x0800240f   Thumb Code    20  stm32f10x_adc.o(.text)
    ADC_GetInjectedConversionValue           0x08002423   Thumb Code    28  stm32f10x_adc.o(.text)
    ADC_AnalogWatchdogCmd                    0x0800243f   Thumb Code    16  stm32f10x_adc.o(.text)
    ADC_AnalogWatchdogThresholdsConfig       0x0800244f   Thumb Code     6  stm32f10x_adc.o(.text)
    ADC_AnalogWatchdogSingleChannelConfig    0x08002455   Thumb Code    16  stm32f10x_adc.o(.text)
    ADC_TempSensorVrefintCmd                 0x08002465   Thumb Code    64  stm32f10x_adc.o(.text)
    ADC_GetFlagStatus                        0x080024a5   Thumb Code    18  stm32f10x_adc.o(.text)
    ADC_ClearFlag                            0x080024b7   Thumb Code     6  stm32f10x_adc.o(.text)
    ADC_GetITStatus                          0x080024bd   Thumb Code    36  stm32f10x_adc.o(.text)
    ADC_ClearITPendingBit                    0x080024e1   Thumb Code    10  stm32f10x_adc.o(.text)
    EXTI_DeInit                              0x080024ed   Thumb Code    28  stm32f10x_exti.o(.text)
    EXTI_Init                                0x08002509   Thumb Code   142  stm32f10x_exti.o(.text)
    EXTI_StructInit                          0x08002597   Thumb Code    16  stm32f10x_exti.o(.text)
    EXTI_GenerateSWInterrupt                 0x080025a7   Thumb Code    16  stm32f10x_exti.o(.text)
    EXTI_GetFlagStatus                       0x080025b7   Thumb Code    22  stm32f10x_exti.o(.text)
    EXTI_ClearFlag                           0x080025cd   Thumb Code     8  stm32f10x_exti.o(.text)
    EXTI_GetITStatus                         0x080025d5   Thumb Code    34  stm32f10x_exti.o(.text)
    EXTI_ClearITPendingBit                   0x080025f7   Thumb Code     8  stm32f10x_exti.o(.text)
    Write_RingBuffer                         0x08002609   Thumb Code    58  stm32f10x_scom.o(.text)
    Read_RingBuffer                          0x08002643   Thumb Code    60  stm32f10x_scom.o(.text)
    SCOM_StructInit                          0x0800267f   Thumb Code    52  stm32f10x_scom.o(.text)
    SCOM_Init                                0x080026b3   Thumb Code   728  stm32f10x_scom.o(.text)
    SCOM_On                                  0x0800298b   Thumb Code    68  stm32f10x_scom.o(.text)
    SCOM_Off                                 0x080029cf   Thumb Code   100  stm32f10x_scom.o(.text)
    SCOM_ReadData                            0x08002a33   Thumb Code   142  stm32f10x_scom.o(.text)
    SCOM_Read_FrameByteNum                   0x08002ac1   Thumb Code    64  stm32f10x_scom.o(.text)
    SCOM_USART_SendData                      0x08002b01   Thumb Code   218  stm32f10x_scom.o(.text)
    SCOM_DMA_USART_SendData                  0x08002bdb   Thumb Code    86  stm32f10x_scom.o(.text)
    SCOM_WriteData                           0x08002c31   Thumb Code   156  stm32f10x_scom.o(.text)
    Data_Processing                          0x08002ccd   Thumb Code    72  stm32f10x_scom.o(.text)
    Optical_Flow_Receive_Prepare             0x08002d15   Thumb Code   120  stm32f10x_scom.o(.text)
    SCOM_USART_IRQHandler                    0x08002d8d   Thumb Code   856  stm32f10x_scom.o(.text)
    SCOM_TX_DMA_IRQHandler                   0x080030e5   Thumb Code   108  stm32f10x_scom.o(.text)
    Read_OpenmvProcessingData                0x08003151   Thumb Code    94  stm32f10x_scom.o(.text)
    main                                     0x080031f5   Thumb Code   666  test.o(.text)
    SCOM_USART1_IRQHandler                   0x080034f9   Thumb Code    10  stm32f10x_scom_it.o(.text)
    USART1_IRQHandler                        0x08003503   Thumb Code     8  stm32f10x_scom_it.o(.text)
    SCOM_USART2_IRQHandler                   0x0800350b   Thumb Code    10  stm32f10x_scom_it.o(.text)
    USART2_IRQHandler                        0x08003515   Thumb Code     8  stm32f10x_scom_it.o(.text)
    SCOM_USART3_IRQHandler                   0x0800351d   Thumb Code    10  stm32f10x_scom_it.o(.text)
    USART3_IRQHandler                        0x08003527   Thumb Code     8  stm32f10x_scom_it.o(.text)
    SCOM_DMA1_Channel2_IRQHandler            0x0800352f   Thumb Code    10  stm32f10x_scom_it.o(.text)
    DMA1_Channel2_IRQHandler                 0x08003539   Thumb Code     8  stm32f10x_scom_it.o(.text)
    SCOM_DMA1_Channel4_IRQHandler            0x08003541   Thumb Code    10  stm32f10x_scom_it.o(.text)
    DMA1_Channel4_IRQHandler                 0x0800354b   Thumb Code     8  stm32f10x_scom_it.o(.text)
    SCOM_DMA1_Channel7_IRQHandler            0x08003553   Thumb Code    10  stm32f10x_scom_it.o(.text)
    DMA1_Channel7_IRQHandler                 0x0800355d   Thumb Code     8  stm32f10x_scom_it.o(.text)
    delay_init                               0x08003571   Thumb Code    46  delay.o(.text)
    delay_us                                 0x0800359f   Thumb Code    74  delay.o(.text)
    delay_ms                                 0x080035e9   Thumb Code    74  delay.o(.text)
    IIC_Init                                 0x08003645   Thumb Code    52  stm32f10x_oled_i2c.o(.text)
    IIC_Start                                0x08003679   Thumb Code    68  stm32f10x_oled_i2c.o(.text)
    IIC_Stop                                 0x080036bd   Thumb Code    62  stm32f10x_oled_i2c.o(.text)
    IIC_Wait_Ack                             0x080036fb   Thumb Code    86  stm32f10x_oled_i2c.o(.text)
    IIC_Ack                                  0x08003751   Thumb Code    66  stm32f10x_oled_i2c.o(.text)
    IIC_NAck                                 0x08003793   Thumb Code    66  stm32f10x_oled_i2c.o(.text)
    IIC_Send_Byte                            0x080037d5   Thumb Code    90  stm32f10x_oled_i2c.o(.text)
    IIC_Read_Byte                            0x0800382f   Thumb Code    98  stm32f10x_oled_i2c.o(.text)
    Write_IIC_Byte                           0x08003891   Thumb Code    92  stm32f10x_oled_i2c.o(.text)
    OLED_WrDat                               0x080038ed   Thumb Code    44  stm32f10x_oled_i2c.o(.text)
    OLED_WrCmd                               0x08003919   Thumb Code    50  stm32f10x_oled_i2c.o(.text)
    OLED_Set_Pos                             0x0800394b   Thumb Code    40  stm32f10x_oled_i2c.o(.text)
    OLED_Fill                                0x08003973   Thumb Code    58  stm32f10x_oled_i2c.o(.text)
    OLED_CLS                                 0x080039ad   Thumb Code    56  stm32f10x_oled_i2c.o(.text)
    OLED_Init                                0x080039e5   Thumb Code   210  stm32f10x_oled_i2c.o(.text)
    OLED_ShowChar                            0x08003ab7   Thumb Code   138  stm32f10x_oled_i2c.o(.text)
    oled_pow                                 0x08003b41   Thumb Code    22  stm32f10x_oled_i2c.o(.text)
    OLED_ShowNum                             0x08003b57   Thumb Code   136  stm32f10x_oled_i2c.o(.text)
    OLED_ShowString                          0x08003bdf   Thumb Code    58  stm32f10x_oled_i2c.o(.text)
    STMADC_StructInit                        0x08003c21   Thumb Code    10  stm32f10x_stmadc.o(.text)
    STMADC_VALID                             0x08003c2b   Thumb Code    30  stm32f10x_stmadc.o(.text)
    STMADC_CMD                               0x08003c49   Thumb Code   224  stm32f10x_stmadc.o(.text)
    STMADC_GPIOConfig                        0x08003d29   Thumb Code    44  stm32f10x_stmadc.o(.text)
    STMADCx_Init                             0x08003d55   Thumb Code   840  stm32f10x_stmadc.o(.text)
    STMADC_Open                              0x0800409d   Thumb Code    80  stm32f10x_stmadc.o(.text)
    STMADC_Close                             0x080040ed   Thumb Code    80  stm32f10x_stmadc.o(.text)
    STMADC_Read_data                         0x0800413d   Thumb Code   154  stm32f10x_stmadc.o(.text)
    STMADC_Read_vol_data                     0x080041d7   Thumb Code   104  stm32f10x_stmadc.o(.text)
    ADC_GetData                              0x0800423f   Thumb Code   222  stm32f10x_stmadc.o(.text)
    STMADC_Convert_Tick                      0x0800431d   Thumb Code   476  stm32f10x_stmadc.o(.text)
    ServoPWM_StructInit                      0x08004505   Thumb Code    50  stm32f10x_pwm.o(.text)
    ServoPWM_GPIOConfig                      0x08004537   Thumb Code    44  stm32f10x_pwm.o(.text)
    ServoPWM_Init                            0x08004563   Thumb Code   302  stm32f10x_pwm.o(.text)
    ServoPWM_PULSE_Setting                   0x08004691   Thumb Code   110  stm32f10x_pwm.o(.text)
    ServoPWM_On                              0x080046ff   Thumb Code    36  stm32f10x_pwm.o(.text)
    ServoPWM_Off                             0x08004723   Thumb Code    26  stm32f10x_pwm.o(.text)
    DrivePWM_StructInit                      0x0800473d   Thumb Code   186  stm32f10x_pwm.o(.text)
    DrivePWM_GPIOConfig                      0x080047f7   Thumb Code    86  stm32f10x_pwm.o(.text)
    DrivePWM_Init                            0x0800484d   Thumb Code   382  stm32f10x_pwm.o(.text)
    DrivePWM_On                              0x080049cb   Thumb Code    46  stm32f10x_pwm.o(.text)
    DrivePWM_Off                             0x080049f9   Thumb Code    26  stm32f10x_pwm.o(.text)
    DrivePWM_Duty_Setting                    0x08004a13   Thumb Code   154  stm32f10x_pwm.o(.text)
    DrivePWM_PolarityCtrl                    0x08004aad   Thumb Code    90  stm32f10x_pwm.o(.text)
    Tim1_Configuration                       0x08004b0d   Thumb Code    96  stm32f10x_capture.o(.text)
    ENC_StructInit                           0x08004b75   Thumb Code    28  stm32f10x_encoder.o(.text)
    ENC_GPIOConfig                           0x08004b91   Thumb Code    56  stm32f10x_encoder.o(.text)
    ENC_Init                                 0x08004bc9   Thumb Code   200  stm32f10x_encoder.o(.text)
    ENC_On                                   0x08004c91   Thumb Code    48  stm32f10x_encoder.o(.text)
    Read_Encoder                             0x08004cc1   Thumb Code   148  stm32f10x_encoder.o(.text)
    Set_Pwm                                  0x08004d75   Thumb Code    66  control.o(.text)
    Xianfu_Pwm                               0x08004db7   Thumb Code    98  control.o(.text)
    Incremental_PI_B                         0x08004e19   Thumb Code   110  control.o(.text)
    Incremental_PI_A                         0x08004e87   Thumb Code   110  control.o(.text)
    Kinematic_Analysis                       0x08004ef5   Thumb Code   236  control.o(.text)
    Position_PID                             0x08004fe1   Thumb Code   132  control.o(.text)
    SysTime_Beat_IRQHandler                  0x08005065   Thumb Code   550  control.o(.text)
    TIM2_IRQHandler                          0x0800528b   Thumb Code    10  control.o(.text)
    SysTime_Beat_StructInit                  0x08005295   Thumb Code    22  control.o(.text)
    SysTime_Beat_Init                        0x080052ab   Thumb Code   150  control.o(.text)
    Systime_Beat_On                          0x08005341   Thumb Code    24  control.o(.text)
    Drive_GPIO_Init                          0x08005359   Thumb Code    88  control.o(.text)
    EXTI9_5_IRQHandler                       0x080053b1   Thumb Code    58  control.o(.text)
    EXTI15_10_IRQHandler                     0x080053eb   Thumb Code    62  control.o(.text)
    KEY_Init                                 0x08005469   Thumb Code    46  stm32f10x_keyexti.o(.text)
    LED_Init                                 0x08005497   Thumb Code    64  stm32f10x_keyexti.o(.text)
    EXTIX_Init                               0x080054d7   Thumb Code   134  stm32f10x_keyexti.o(.text)
    __aeabi_uldivmod                         0x08005569   Thumb Code     0  lludivv7m.o(.text)
    _ll_udiv                                 0x08005569   Thumb Code   238  lludivv7m.o(.text)
    __aeabi_memcpy                           0x08005657   Thumb Code     0  rt_memcpy_v6.o(.text)
    __rt_memcpy                              0x08005657   Thumb Code   138  rt_memcpy_v6.o(.text)
    _memcpy_lastbytes                        0x080056bd   Thumb Code     0  rt_memcpy_v6.o(.text)
    __use_two_region_memory                  0x080056e1   Thumb Code     2  heapauxi.o(.text)
    __rt_heap_escrow$2region                 0x080056e3   Thumb Code     2  heapauxi.o(.text)
    __rt_heap_expand$2region                 0x080056e5   Thumb Code     2  heapauxi.o(.text)
    __read_errno                             0x080056e7   Thumb Code    10  _rserrno.o(.text)
    __set_errno                              0x080056f1   Thumb Code    12  _rserrno.o(.text)
    __aeabi_memcpy4                          0x080056fd   Thumb Code     0  rt_memcpy_w.o(.text)
    __aeabi_memcpy8                          0x080056fd   Thumb Code     0  rt_memcpy_w.o(.text)
    __rt_memcpy_w                            0x080056fd   Thumb Code   100  rt_memcpy_w.o(.text)
    _memcpy_lastbytes_aligned                0x08005745   Thumb Code     0  rt_memcpy_w.o(.text)
    __aeabi_errno_addr                       0x08005761   Thumb Code     8  rt_errno_addr_intlibspace.o(.text)
    __errno$intlibspace                      0x08005761   Thumb Code     0  rt_errno_addr_intlibspace.o(.text)
    __rt_errno_addr$intlibspace              0x08005761   Thumb Code     0  rt_errno_addr_intlibspace.o(.text)
    __user_libspace                          0x08005769   Thumb Code     8  libspace.o(.text)
    __user_perproc_libspace                  0x08005769   Thumb Code     0  libspace.o(.text)
    __user_perthread_libspace                0x08005769   Thumb Code     0  libspace.o(.text)
    __user_setup_stackheap                   0x08005771   Thumb Code    74  sys_stackheap_outer.o(.text)
    exit                                     0x080057bb   Thumb Code    12  exit.o(.text)
    _sys_exit                                0x080057c9   Thumb Code     8  sys_exit.o(.text)
    __I$use$semihosting                      0x080057d5   Thumb Code     0  use_no_semi.o(.text)
    __use_no_semihosting_swi                 0x080057d5   Thumb Code     2  use_no_semi.o(.text)
    __ARM_fpclassify                         0x080057d7   Thumb Code    40  fpclassify.o(i.__ARM_fpclassify)
    __semihosting_library_function           0x080057d7   Thumb Code     0  indicate_semi.o(.text)
    __ieee754_rem_pio2                       0x08005801   Thumb Code   828  rred.o(i.__ieee754_rem_pio2)
    __kernel_poly                            0x08005b89   Thumb Code   170  poly.o(i.__kernel_poly)
    __kernel_tan                             0x08005c35   Thumb Code   586  tan_i.o(i.__kernel_tan)
    __mathlib_dbl_infnan                     0x08005eb1   Thumb Code     6  dunder.o(i.__mathlib_dbl_infnan)
    __mathlib_dbl_invalid                    0x08005eb7   Thumb Code    12  dunder.o(i.__mathlib_dbl_invalid)
    __mathlib_dbl_underflow                  0x08005ec5   Thumb Code    10  dunder.o(i.__mathlib_dbl_underflow)
    tan                                      0x08005ed5   Thumb Code    90  tan.o(i.tan)
    __aeabi_d2f                              0x08005f39   Thumb Code     0  d2f.o(x$fpl$d2f)
    _d2f                                     0x08005f39   Thumb Code    98  d2f.o(x$fpl$d2f)
    __aeabi_dadd                             0x08005f9d   Thumb Code     0  daddsub_clz.o(x$fpl$dadd)
    _dadd                                    0x08005f9d   Thumb Code   332  daddsub_clz.o(x$fpl$dadd)
    __fpl_dcheck_NaN1                        0x080060ed   Thumb Code    10  dcheck1.o(x$fpl$dcheck1)
    __aeabi_ddiv                             0x080060fd   Thumb Code     0  ddiv.o(x$fpl$ddiv)
    _ddiv                                    0x080060fd   Thumb Code   552  ddiv.o(x$fpl$ddiv)
    __aeabi_d2iz                             0x080063ad   Thumb Code     0  dfix.o(x$fpl$dfix)
    _dfix                                    0x080063ad   Thumb Code    94  dfix.o(x$fpl$dfix)
    __aeabi_d2uiz                            0x0800640d   Thumb Code     0  dfixu.o(x$fpl$dfixu)
    _dfixu                                   0x0800640d   Thumb Code    90  dfixu.o(x$fpl$dfixu)
    __aeabi_i2d                              0x08006467   Thumb Code     0  dflt_clz.o(x$fpl$dflt)
    _dflt                                    0x08006467   Thumb Code    46  dflt_clz.o(x$fpl$dflt)
    __aeabi_ui2d                             0x08006495   Thumb Code     0  dflt_clz.o(x$fpl$dfltu)
    _dfltu                                   0x08006495   Thumb Code    38  dflt_clz.o(x$fpl$dfltu)
    __aeabi_dmul                             0x080064bd   Thumb Code     0  dmul.o(x$fpl$dmul)
    _dmul                                    0x080064bd   Thumb Code   332  dmul.o(x$fpl$dmul)
    __fpl_dnaninf                            0x08006611   Thumb Code   156  dnaninf.o(x$fpl$dnaninf)
    __fpl_dretinf                            0x080066ad   Thumb Code    12  dretinf.o(x$fpl$dretinf)
    __aeabi_drsub                            0x080066b9   Thumb Code     0  daddsub_clz.o(x$fpl$drsb)
    _drsb                                    0x080066b9   Thumb Code    22  daddsub_clz.o(x$fpl$drsb)
    __aeabi_dsub                             0x080066d1   Thumb Code     0  daddsub_clz.o(x$fpl$dsub)
    _dsub                                    0x080066d1   Thumb Code   464  daddsub_clz.o(x$fpl$dsub)
    __aeabi_f2d                              0x080068a5   Thumb Code     0  f2d.o(x$fpl$f2d)
    _f2d                                     0x080068a5   Thumb Code    86  f2d.o(x$fpl$f2d)
    __aeabi_fadd                             0x080068fd   Thumb Code     0  faddsub_clz.o(x$fpl$fadd)
    _fadd                                    0x080068fd   Thumb Code   196  faddsub_clz.o(x$fpl$fadd)
    __aeabi_f2iz                             0x080069c1   Thumb Code     0  ffix.o(x$fpl$ffix)
    _ffix                                    0x080069c1   Thumb Code    54  ffix.o(x$fpl$ffix)
    __aeabi_i2f                              0x080069f9   Thumb Code     0  fflt_clz.o(x$fpl$fflt)
    _fflt                                    0x080069f9   Thumb Code    48  fflt_clz.o(x$fpl$fflt)
    __aeabi_fmul                             0x08006a29   Thumb Code     0  fmul.o(x$fpl$fmul)
    _fmul                                    0x08006a29   Thumb Code   258  fmul.o(x$fpl$fmul)
    __fpl_fnaninf                            0x08006b2b   Thumb Code   140  fnaninf.o(x$fpl$fnaninf)
    __fpl_fretinf                            0x08006bb7   Thumb Code    10  fretinf.o(x$fpl$fretinf)
    __aeabi_fsub                             0x08006bc1   Thumb Code     0  faddsub_clz.o(x$fpl$fsub)
    _fsub                                    0x08006bc1   Thumb Code   234  faddsub_clz.o(x$fpl$fsub)
    __fpl_return_NaN                         0x08006cab   Thumb Code   100  retnan.o(x$fpl$retnan)
    __ARM_scalbn                             0x08006d0f   Thumb Code    92  scalbn.o(x$fpl$scalbn)
    __fpl_cmpreturn                          0x08006d6b   Thumb Code    48  trapv.o(x$fpl$trapveneer)
    F6x8                                     0x08006d9a   Data         552  stm32f10x_oled_i2c.o(.constdata)
    __I$use$fp                               0x08006d9a   Number         0  usenofp.o(x$fpl$usenofp)
    F8X16                                    0x08006fc2   Data        1520  stm32f10x_oled_i2c.o(.constdata)
    Region$$Table$$Base                      0x080076e0   Number         0  anon$$obj.o(Region$$Table)
    Region$$Table$$Limit                     0x08007700   Number         0  anon$$obj.o(Region$$Table)
    SystemCoreClock                          0x20000000   Data           4  system_stm32f10x.o(.data)
    AHBPrescTable                            0x20000004   Data          16  system_stm32f10x.o(.data)
    OpenMV_DataBuffer                        0x2000002c   Data           8  stm32f10x_scom.o(.data)
    FrameByteNum                             0x20000034   Data           2  stm32f10x_scom.o(.data)
    STMADC1_BASE                             0x20000050   Data           8  stm32f10x_stmadc.o(.data)
    STMADC2_BASE                             0x20000058   Data           8  stm32f10x_stmadc.o(.data)
    STMADC3_BASE                             0x20000060   Data           8  stm32f10x_stmadc.o(.data)
    STMADC4_BASE                             0x20000068   Data           8  stm32f10x_stmadc.o(.data)
    Inner_STMADC1                            0x20000070   Data           4  stm32f10x_stmadc.o(.data)
    Inner_STMADC2                            0x20000074   Data           4  stm32f10x_stmadc.o(.data)
    Inner_STMADC3                            0x20000078   Data           4  stm32f10x_stmadc.o(.data)
    Inner_STMADC4                            0x2000007c   Data           4  stm32f10x_stmadc.o(.data)
    AD_data                                  0x20000080   Data           4  stm32f10x_stmadc.o(.data)
    SYSTIME_BEAT_Hardware                    0x20000090   Data           8  control.o(.data)
    Encoder_left                             0x20000098   Data           8  control.o(.data)
    Encoder_right                            0x200000a0   Data           8  control.o(.data)
    OpenmvData                               0x200000a8   Data           8  control.o(.data)
    Velocity                                 0x200000b0   Data           4  control.o(.data)
    Velocity_Set                             0x200000b4   Data           4  control.o(.data)
    Angle                                    0x200000b8   Data           4  control.o(.data)
    Angle_Set                                0x200000bc   Data           4  control.o(.data)
    Motor_A                                  0x200000c0   Data           4  control.o(.data)
    Motor_B                                  0x200000c4   Data           4  control.o(.data)
    Servo                                    0x200000c8   Data           4  control.o(.data)
    Target_A                                 0x200000cc   Data           4  control.o(.data)
    Target_B                                 0x200000d0   Data           4  control.o(.data)
    Flag_Way                                 0x200000d4   Data           1  control.o(.data)
    Flag_Stop                                0x200000d5   Data           1  control.o(.data)
    Frequency1                               0x200000d8   Data           4  control.o(.data)
    sum                                      0x200000dc   Data           4  control.o(.data)
    count                                    0x200000e0   Data           2  control.o(.data)
    CAPTURE1                                 0x200000e4   Data           4  control.o(.data)
    Flag_Target                              0x200000e8   Data           1  control.o(.data)
    SCOM_Hardware                            0x20000114   Data         120  stm32f10x_scom_hardwaretable.o(.data)
    STMADC_Hardware                          0x2000018c   Data          64  stm32f10x_stmadc_hardwaretable.o(.data)
    ENC_Hardware                             0x200001cc   Data          64  stm32f10x_encoder_hardwaretable.o(.data)
    DrivePWM_Hardware                        0x2000020c   Data          72  stm32f10x_pwm_hardwaretable.o(.data)
    ServoPWM_Hardware                        0x20000254   Data          64  stm32f10x_pwm_hardwaretable.o(.data)
    SCOM1_BASE                               0x20000294   Data          40  stm32f10x_scom.o(.bss)
    SCOM2_BASE                               0x200002bc   Data          40  stm32f10x_scom.o(.bss)
    SCOM3_BASE                               0x200002e4   Data          40  stm32f10x_scom.o(.bss)
    SCOM3_rxDataBuffer                       0x2000030c   Data          11  stm32f10x_scom.o(.bss)
    SCOM3_txDataBuffer                       0x20000317   Data          11  stm32f10x_scom.o(.bss)
    SCOM2_rxDataBuffer                       0x20000322   Data          11  stm32f10x_scom.o(.bss)
    SCOM2_txDataBuffer                       0x2000032d   Data          11  stm32f10x_scom.o(.bss)
    SCOM1_rxDataBuffer                       0x20000338   Data          11  stm32f10x_scom.o(.bss)
    SCOM1_txDataBuffer                       0x20000343   Data          11  stm32f10x_scom.o(.bss)
    read_data                                0x2000034e   Data          11  stm32f10x_scom.o(.bss)
    RingBuffer                               0x2000035a   Data         134  stm32f10x_scom.o(.bss)
    ServoPWM1_BASE                           0x200003e0   Data          16  stm32f10x_pwm.o(.bss)
    ServoPWM2_BASE                           0x200003f0   Data          16  stm32f10x_pwm.o(.bss)
    ServoPWM3_BASE                           0x20000400   Data          16  stm32f10x_pwm.o(.bss)
    ServoPWM4_BASE                           0x20000410   Data          16  stm32f10x_pwm.o(.bss)
    DrivePWM1_BASE                           0x20000420   Data          16  stm32f10x_pwm.o(.bss)
    DrivePWM2_BASE                           0x20000430   Data          16  stm32f10x_pwm.o(.bss)
    DrivePWM3_BASE                           0x20000440   Data          16  stm32f10x_pwm.o(.bss)
    ENC1_BASE                                0x20000450   Data          16  stm32f10x_encoder.o(.bss)
    ENC2_BASE                                0x20000460   Data          16  stm32f10x_encoder.o(.bss)
    ENC3_BASE                                0x20000470   Data          16  stm32f10x_encoder.o(.bss)
    ENC4_BASE                                0x20000480   Data          16  stm32f10x_encoder.o(.bss)
    SysTime_Beat_BASE                        0x20000490   Data          12  control.o(.bss)
    __libspace_start                         0x2000049c   Data          96  libspace.o(.bss)
    __temporary_stack_top$libspace           0x200004fc   Data           0  libspace.o(.bss)



==============================================================================

Memory Map of the image

  Image Entry point : 0x08000131

  Load Region LR_IROM1 (Base: 0x08000000, Size: 0x00007994, Max: 0x00080000, ABSOLUTE, COMPRESSED[0x000077e8])

    Execution Region ER_IROM1 (Base: 0x08000000, Size: 0x00007700, Max: 0x00080000, ABSOLUTE)

    Base Addr    Size         Type   Attr      Idx    E Section Name        Object

    0x08000000   0x00000130   Data   RO           19    RESET               startup_stm32f10x_hd.o
    0x08000130   0x00000008   Code   RO          540  * !!!main             c_w.l(__main.o)
    0x08000138   0x00000034   Code   RO          819    !!!scatter          c_w.l(__scatter.o)
    0x0800016c   0x0000005a   Code   RO          817    !!dczerorl2         c_w.l(__dczerorl2.o)
    0x080001c6   0x00000002   PAD
    0x080001c8   0x0000001c   Code   RO          821    !!handler_zi        c_w.l(__scatter_zi.o)
    0x080001e4   0x00000002   Code   RO          685    .ARM.Collect$$libinit$$00000000  c_w.l(libinit.o)
    0x080001e6   0x00000000   Code   RO          697    .ARM.Collect$$libinit$$00000002  c_w.l(libinit2.o)
    0x080001e6   0x00000000   Code   RO          699    .ARM.Collect$$libinit$$00000004  c_w.l(libinit2.o)
    0x080001e6   0x00000000   Code   RO          702    .ARM.Collect$$libinit$$0000000A  c_w.l(libinit2.o)
    0x080001e6   0x00000000   Code   RO          704    .ARM.Collect$$libinit$$0000000C  c_w.l(libinit2.o)
    0x080001e6   0x00000000   Code   RO          706    .ARM.Collect$$libinit$$0000000E  c_w.l(libinit2.o)
    0x080001e6   0x00000000   Code   RO          709    .ARM.Collect$$libinit$$00000011  c_w.l(libinit2.o)
    0x080001e6   0x00000000   Code   RO          711    .ARM.Collect$$libinit$$00000013  c_w.l(libinit2.o)
    0x080001e6   0x00000000   Code   RO          713    .ARM.Collect$$libinit$$00000015  c_w.l(libinit2.o)
    0x080001e6   0x00000000   Code   RO          715    .ARM.Collect$$libinit$$00000017  c_w.l(libinit2.o)
    0x080001e6   0x00000000   Code   RO          717    .ARM.Collect$$libinit$$00000019  c_w.l(libinit2.o)
    0x080001e6   0x00000000   Code   RO          719    .ARM.Collect$$libinit$$0000001B  c_w.l(libinit2.o)
    0x080001e6   0x00000000   Code   RO          721    .ARM.Collect$$libinit$$0000001D  c_w.l(libinit2.o)
    0x080001e6   0x00000000   Code   RO          723    .ARM.Collect$$libinit$$0000001F  c_w.l(libinit2.o)
    0x080001e6   0x00000000   Code   RO          725    .ARM.Collect$$libinit$$00000021  c_w.l(libinit2.o)
    0x080001e6   0x00000000   Code   RO          727    .ARM.Collect$$libinit$$00000023  c_w.l(libinit2.o)
    0x080001e6   0x00000000   Code   RO          729    .ARM.Collect$$libinit$$00000025  c_w.l(libinit2.o)
    0x080001e6   0x00000000   Code   RO          733    .ARM.Collect$$libinit$$0000002C  c_w.l(libinit2.o)
    0x080001e6   0x00000000   Code   RO          735    .ARM.Collect$$libinit$$0000002E  c_w.l(libinit2.o)
    0x080001e6   0x00000000   Code   RO          737    .ARM.Collect$$libinit$$00000030  c_w.l(libinit2.o)
    0x080001e6   0x00000000   Code   RO          739    .ARM.Collect$$libinit$$00000032  c_w.l(libinit2.o)
    0x080001e6   0x00000002   Code   RO          740    .ARM.Collect$$libinit$$00000033  c_w.l(libinit2.o)
    0x080001e8   0x00000002   Code   RO          775    .ARM.Collect$$libshutdown$$00000000  c_w.l(libshutdown.o)
    0x080001ea   0x00000000   Code   RO          802    .ARM.Collect$$libshutdown$$00000003  c_w.l(libshutdown2.o)
    0x080001ea   0x00000000   Code   RO          805    .ARM.Collect$$libshutdown$$00000006  c_w.l(libshutdown2.o)
    0x080001ea   0x00000000   Code   RO          808    .ARM.Collect$$libshutdown$$00000009  c_w.l(libshutdown2.o)
    0x080001ea   0x00000000   Code   RO          810    .ARM.Collect$$libshutdown$$0000000B  c_w.l(libshutdown2.o)
    0x080001ea   0x00000000   Code   RO          813    .ARM.Collect$$libshutdown$$0000000E  c_w.l(libshutdown2.o)
    0x080001ea   0x00000002   Code   RO          814    .ARM.Collect$$libshutdown$$0000000F  c_w.l(libshutdown2.o)
    0x080001ec   0x00000000   Code   RO          598    .ARM.Collect$$rtentry$$00000000  c_w.l(__rtentry.o)
    0x080001ec   0x00000000   Code   RO          642    .ARM.Collect$$rtentry$$00000002  c_w.l(__rtentry2.o)
    0x080001ec   0x00000006   Code   RO          654    .ARM.Collect$$rtentry$$00000004  c_w.l(__rtentry4.o)
    0x080001f2   0x00000000   Code   RO          644    .ARM.Collect$$rtentry$$00000009  c_w.l(__rtentry2.o)
    0x080001f2   0x00000004   Code   RO          645    .ARM.Collect$$rtentry$$0000000A  c_w.l(__rtentry2.o)
    0x080001f6   0x00000000   Code   RO          647    .ARM.Collect$$rtentry$$0000000C  c_w.l(__rtentry2.o)
    0x080001f6   0x00000008   Code   RO          648    .ARM.Collect$$rtentry$$0000000D  c_w.l(__rtentry2.o)
    0x080001fe   0x00000002   Code   RO          688    .ARM.Collect$$rtexit$$00000000  c_w.l(rtexit.o)
    0x08000200   0x00000000   Code   RO          746    .ARM.Collect$$rtexit$$00000002  c_w.l(rtexit2.o)
    0x08000200   0x00000004   Code   RO          747    .ARM.Collect$$rtexit$$00000003  c_w.l(rtexit2.o)
    0x08000204   0x00000006   Code   RO          748    .ARM.Collect$$rtexit$$00000004  c_w.l(rtexit2.o)
    0x0800020a   0x00000002   PAD
    0x0800020c   0x00000040   Code   RO           20    .text               startup_stm32f10x_hd.o
    0x0800024c   0x000001e0   Code   RO           24    .text               system_stm32f10x.o
    0x0800042c   0x0000001a   Code   RO          121    .text               stm32f10x_it.o
    0x08000446   0x00000002   PAD
    0x08000448   0x00000254   Code   RO          140    .text               stm32f10x_dma.o
    0x0800069c   0x0000035c   Code   RO          178    .text               stm32f10x_gpio.o
    0x080009f8   0x000003a4   Code   RO          190    .text               stm32f10x_rcc.o
    0x08000d9c   0x00000e1a   Code   RO          204    .text               stm32f10x_tim.o
    0x08001bb6   0x00000002   PAD
    0x08001bb8   0x00000408   Code   RO          216    .text               stm32f10x_usart.o
    0x08001fc0   0x000000dc   Code   RO          228    .text               misc.o
    0x0800209c   0x0000044e   Code   RO          252    .text               stm32f10x_adc.o
    0x080024ea   0x00000002   PAD
    0x080024ec   0x0000011c   Code   RO          264    .text               stm32f10x_exti.o
    0x08002608   0x00000bec   Code   RO          276    .text               stm32f10x_scom.o
    0x080031f4   0x00000304   Code   RO          303    .text               test.o
    0x080034f8   0x00000078   Code   RO          354    .text               stm32f10x_scom_it.o
    0x08003570   0x000000d4   Code   RO          366    .text               delay.o
    0x08003644   0x000005dc   Code   RO          380    .text               stm32f10x_oled_i2c.o
    0x08003c20   0x000008e4   Code   RO          396    .text               stm32f10x_stmadc.o
    0x08004504   0x00000608   Code   RO          415    .text               stm32f10x_pwm.o
    0x08004b0c   0x00000068   Code   RO          434    .text               stm32f10x_capture.o
    0x08004b74   0x00000200   Code   RO          446    .text               stm32f10x_encoder.o
    0x08004d74   0x000006f4   Code   RO          465    .text               control.o
    0x08005468   0x00000100   Code   RO          484    .text               stm32f10x_keyexti.o
    0x08005568   0x000000ee   Code   RO          534    .text               c_w.l(lludivv7m.o)
    0x08005656   0x0000008a   Code   RO          536    .text               c_w.l(rt_memcpy_v6.o)
    0x080056e0   0x00000006   Code   RO          538    .text               c_w.l(heapauxi.o)
    0x080056e6   0x00000016   Code   RO          603    .text               c_w.l(_rserrno.o)
    0x080056fc   0x00000064   Code   RO          605    .text               c_w.l(rt_memcpy_w.o)
    0x08005760   0x00000008   Code   RO          661    .text               c_w.l(rt_errno_addr_intlibspace.o)
    0x08005768   0x00000008   Code   RO          669    .text               c_w.l(libspace.o)
    0x08005770   0x0000004a   Code   RO          672    .text               c_w.l(sys_stackheap_outer.o)
    0x080057ba   0x0000000c   Code   RO          674    .text               c_w.l(exit.o)
    0x080057c6   0x00000002   PAD
    0x080057c8   0x0000000c   Code   RO          743    .text               c_w.l(sys_exit.o)
    0x080057d4   0x00000002   Code   RO          764    .text               c_w.l(use_no_semi.o)
    0x080057d6   0x00000000   Code   RO          766    .text               c_w.l(indicate_semi.o)
    0x080057d6   0x00000028   Code   RO          665    i.__ARM_fpclassify  m_ws.l(fpclassify.o)
    0x080057fe   0x00000002   PAD
    0x08005800   0x00000388   Code   RO          630    i.__ieee754_rem_pio2  m_ws.l(rred.o)
    0x08005b88   0x000000aa   Code   RO          667    i.__kernel_poly     m_ws.l(poly.o)
    0x08005c32   0x00000002   PAD
    0x08005c34   0x0000027c   Code   RO          635    i.__kernel_tan      m_ws.l(tan_i.o)
    0x08005eb0   0x00000006   Code   RO          617    i.__mathlib_dbl_infnan  m_ws.l(dunder.o)
    0x08005eb6   0x0000000c   Code   RO          619    i.__mathlib_dbl_invalid  m_ws.l(dunder.o)
    0x08005ec2   0x00000002   PAD
    0x08005ec4   0x00000010   Code   RO          622    i.__mathlib_dbl_underflow  m_ws.l(dunder.o)
    0x08005ed4   0x00000064   Code   RO          591    i.tan               m_ws.l(tan.o)
    0x08005f38   0x00000062   Code   RO          542    x$fpl$d2f           fz_ws.l(d2f.o)
    0x08005f9a   0x00000002   PAD
    0x08005f9c   0x00000150   Code   RO          544    x$fpl$dadd          fz_ws.l(daddsub_clz.o)
    0x080060ec   0x00000010   Code   RO          686    x$fpl$dcheck1       fz_ws.l(dcheck1.o)
    0x080060fc   0x000002b0   Code   RO          551    x$fpl$ddiv          fz_ws.l(ddiv.o)
    0x080063ac   0x0000005e   Code   RO          554    x$fpl$dfix          fz_ws.l(dfix.o)
    0x0800640a   0x00000002   PAD
    0x0800640c   0x0000005a   Code   RO          558    x$fpl$dfixu         fz_ws.l(dfixu.o)
    0x08006466   0x0000002e   Code   RO          563    x$fpl$dflt          fz_ws.l(dflt_clz.o)
    0x08006494   0x00000026   Code   RO          562    x$fpl$dfltu         fz_ws.l(dflt_clz.o)
    0x080064ba   0x00000002   PAD
    0x080064bc   0x00000154   Code   RO          568    x$fpl$dmul          fz_ws.l(dmul.o)
    0x08006610   0x0000009c   Code   RO          607    x$fpl$dnaninf       fz_ws.l(dnaninf.o)
    0x080066ac   0x0000000c   Code   RO          609    x$fpl$dretinf       fz_ws.l(dretinf.o)
    0x080066b8   0x00000016   Code   RO          545    x$fpl$drsb          fz_ws.l(daddsub_clz.o)
    0x080066ce   0x00000002   PAD
    0x080066d0   0x000001d4   Code   RO          546    x$fpl$dsub          fz_ws.l(daddsub_clz.o)
    0x080068a4   0x00000056   Code   RO          570    x$fpl$f2d           fz_ws.l(f2d.o)
    0x080068fa   0x00000002   PAD
    0x080068fc   0x000000c4   Code   RO          572    x$fpl$fadd          fz_ws.l(faddsub_clz.o)
    0x080069c0   0x00000036   Code   RO          578    x$fpl$ffix          fz_ws.l(ffix.o)
    0x080069f6   0x00000002   PAD
    0x080069f8   0x00000030   Code   RO          583    x$fpl$fflt          fz_ws.l(fflt_clz.o)
    0x08006a28   0x00000102   Code   RO          588    x$fpl$fmul          fz_ws.l(fmul.o)
    0x08006b2a   0x0000008c   Code   RO          611    x$fpl$fnaninf       fz_ws.l(fnaninf.o)
    0x08006bb6   0x0000000a   Code   RO          613    x$fpl$fretinf       fz_ws.l(fretinf.o)
    0x08006bc0   0x000000ea   Code   RO          574    x$fpl$fsub          fz_ws.l(faddsub_clz.o)
    0x08006caa   0x00000064   Code   RO          741    x$fpl$retnan        fz_ws.l(retnan.o)
    0x08006d0e   0x0000005c   Code   RO          663    x$fpl$scalbn        fz_ws.l(scalbn.o)
    0x08006d6a   0x00000030   Code   RO          760    x$fpl$trapveneer    fz_ws.l(trapv.o)
    0x08006d9a   0x00000000   Code   RO          615    x$fpl$usenofp       fz_ws.l(usenofp.o)
    0x08006d9a   0x00000818   Data   RO          381    .constdata          stm32f10x_oled_i2c.o
    0x080075b2   0x00000006   PAD
    0x080075b8   0x000000c8   Data   RO          632    .constdata          m_ws.l(rred.o)
    0x08007680   0x00000060   Data   RO          636    .constdata          m_ws.l(tan_i.o)
    0x080076e0   0x00000020   Data   RO          815    Region$$Table       anon$$obj.o


    Execution Region RW_IRAM1 (Base: 0x20000000, Size: 0x00000b00, Max: 0x00010000, ABSOLUTE, COMPRESSED[0x000000e8])

    Base Addr    Size         Type   Attr      Idx    E Section Name        Object

    0x20000000   0x00000014   Data   RW           25    .data               system_stm32f10x.o
    0x20000014   0x00000014   Data   RW          191    .data               stm32f10x_rcc.o
    0x20000028   0x00000020   Data   RW          278    .data               stm32f10x_scom.o
    0x20000048   0x00000002   Data   RW          304    .data               test.o
    0x2000004a   0x00000004   Data   RW          367    .data               delay.o
    0x2000004e   0x00000002   PAD
    0x20000050   0x00000040   Data   RW          397    .data               stm32f10x_stmadc.o
    0x20000090   0x00000084   Data   RW          467    .data               control.o
    0x20000114   0x00000078   Data   RW          496    .data               stm32f10x_scom_hardwaretable.o
    0x2000018c   0x00000040   Data   RW          505    .data               stm32f10x_stmadc_hardwaretable.o
    0x200001cc   0x00000040   Data   RW          514    .data               stm32f10x_encoder_hardwaretable.o
    0x2000020c   0x00000088   Data   RW          523    .data               stm32f10x_pwm_hardwaretable.o
    0x20000294   0x0000014c   Zero   RW          277    .bss                stm32f10x_scom.o
    0x200003e0   0x00000070   Zero   RW          416    .bss                stm32f10x_pwm.o
    0x20000450   0x00000040   Zero   RW          447    .bss                stm32f10x_encoder.o
    0x20000490   0x0000000c   Zero   RW          466    .bss                control.o
    0x2000049c   0x00000060   Zero   RW          670    .bss                c_w.l(libspace.o)
    0x200004fc   0x00000004   PAD
    0x20000500   0x00000200   Zero   RW           18    HEAP                startup_stm32f10x_hd.o
    0x20000700   0x00000400   Zero   RW           17    STACK               startup_stm32f10x_hd.o


==============================================================================

Image component sizes


      Code (inc. data)   RO Data    RW Data    ZI Data      Debug   Object Name

      1780        240          0        132         12       7200   control.o
         0          0          0          0          0       4536   core_cm3.o
       212         18          0          4          0        983   delay.o
       220         22          0          0          0       1769   misc.o
        64         26        304          0       1536        784   startup_stm32f10x_hd.o
      1102         26          0          0          0      10801   stm32f10x_adc.o
       104          8          0          0          0        581   stm32f10x_capture.o
       596          8          0          0          0     220242   stm32f10x_dma.o
       512         32          0          0         64       4674   stm32f10x_encoder.o
         0          0          0         64          0        579   stm32f10x_encoder_hardwaretable.o
       284         10          0          0          0       2199   stm32f10x_exti.o
       860         38          0          0          0       5613   stm32f10x_gpio.o
        26          0          0          0          0       1162   stm32f10x_it.o
       256         12          0          0          0        935   stm32f10x_keyexti.o
      1500         22       2072          0          0       5568   stm32f10x_oled_i2c.o
      1544         52          0          0        112       8928   stm32f10x_pwm.o
         0          0          0        136          0        638   stm32f10x_pwm_hardwaretable.o
       932         36          0         20          0       8764   stm32f10x_rcc.o
      3052        144          0         32        332      26566   stm32f10x_scom.o
         0          0          0        120          0        568   stm32f10x_scom_hardwaretable.o
       120         12          0          0          0       2050   stm32f10x_scom_it.o
      2276        124          0         64          0       7878   stm32f10x_stmadc.o
         0          0          0         64          0        634   stm32f10x_stmadc_hardwaretable.o
      3610         88          0          0          0      22096   stm32f10x_tim.o
      1032         22          0          0          0       8336   stm32f10x_usart.o
       480         38          0         20          0      54967   system_stm32f10x.o
       772        106          0          2          0      14194   test.o

    ----------------------------------------------------------------------
     21340       1084       2414        660       2056     423245   Object Totals
         0          0         32          0          0          0   (incl. Generated)
         6          0          6          2          0          0   (incl. Padding)

    ----------------------------------------------------------------------

      Code (inc. data)   RO Data    RW Data    ZI Data      Debug   Library Member Name

        90          0          0          0          0          0   __dczerorl2.o
         8          0          0          0          0         68   __main.o
         0          0          0          0          0          0   __rtentry.o
        12          0          0          0          0          0   __rtentry2.o
         6          0          0          0          0          0   __rtentry4.o
        52          8          0          0          0          0   __scatter.o
        28          0          0          0          0          0   __scatter_zi.o
        22          0          0          0          0        100   _rserrno.o
        12          0          0          0          0         72   exit.o
         6          0          0          0          0        152   heapauxi.o
         0          0          0          0          0          0   indicate_semi.o
         2          0          0          0          0          0   libinit.o
         2          0          0          0          0          0   libinit2.o
         2          0          0          0          0          0   libshutdown.o
         2          0          0          0          0          0   libshutdown2.o
         8          4          0          0         96         68   libspace.o
       238          0          0          0          0        100   lludivv7m.o
         8          4          0          0          0         68   rt_errno_addr_intlibspace.o
       138          0          0          0          0         68   rt_memcpy_v6.o
       100          0          0          0          0         80   rt_memcpy_w.o
         2          0          0          0          0          0   rtexit.o
        10          0          0          0          0          0   rtexit2.o
        12          4          0          0          0         68   sys_exit.o
        74          0          0          0          0         80   sys_stackheap_outer.o
         2          0          0          0          0         68   use_no_semi.o
        98          4          0          0          0         92   d2f.o
       826         16          0          0          0        348   daddsub_clz.o
        16          4          0          0          0         68   dcheck1.o
       688        140          0          0          0        208   ddiv.o
        94          4          0          0          0         92   dfix.o
        90          4          0          0          0         92   dfixu.o
        84          0          0          0          0        136   dflt_clz.o
       340         12          0          0          0        104   dmul.o
       156          4          0          0          0         92   dnaninf.o
        12          0          0          0          0         68   dretinf.o
        86          4          0          0          0         84   f2d.o
       430          8          0          0          0        168   faddsub_clz.o
        54          4          0          0          0         84   ffix.o
        48          0          0          0          0         68   fflt_clz.o
       258          4          0          0          0         84   fmul.o
       140          4          0          0          0         84   fnaninf.o
        10          0          0          0          0         68   fretinf.o
       100          0          0          0          0         68   retnan.o
        92          0          0          0          0         68   scalbn.o
        48          0          0          0          0         68   trapv.o
         0          0          0          0          0          0   usenofp.o
        34          6          0          0          0        204   dunder.o
        40          0          0          0          0         68   fpclassify.o
       170          0          0          0          0         96   poly.o
       904         76        200          0          0        140   rred.o
       100         10          0          0          0         96   tan.o
       636         50         96          0          0        168   tan_i.o

    ----------------------------------------------------------------------
      6414        374        296          0        100       3908   Library Totals
        24          0          0          0          4          0   (incl. Padding)

    ----------------------------------------------------------------------

      Code (inc. data)   RO Data    RW Data    ZI Data      Debug   Library Name

       836         20          0          0         96        992   c_w.l
      3670        212          0          0          0       2144   fz_ws.l
      1884        142        296          0          0        772   m_ws.l

    ----------------------------------------------------------------------
      6414        374        296          0        100       3908   Library Totals

    ----------------------------------------------------------------------

==============================================================================


      Code (inc. data)   RO Data    RW Data    ZI Data      Debug   

     27754       1458       2710        660       2156     423041   Grand Totals
     27754       1458       2710        232       2156     423041   ELF Image Totals (compressed)
     27754       1458       2710        232          0          0   ROM Totals

==============================================================================

    Total RO  Size (Code + RO Data)                30464 (  29.75kB)
    Total RW  Size (RW Data + ZI Data)              2816 (   2.75kB)
    Total ROM Size (Code + RO Data + RW Data)      30696 (  29.98kB)

==============================================================================

