<html>
<body>
<pre>
<h1>礦ision Build Log</h1>
<h2>Tool Versions:</h2>
IDE-Version: μVision V5.14.0.0
Copyright (C) 2015 ARM Ltd and ARM Germany GmbH. All rights reserved.
License Information: 1 1, 1, LIC=X1ENN-YSE67-03EM2-95286-30TQH-XCN8K
 
Tool Versions:
Toolchain:       MDK-ARM Professional  Version: 5.14.0.0
Toolchain Path:  C:\Keil_v5\ARM\ARMCC\Bin
C Compiler:      Armcc.exe V5.05 update 1 (build 106)
Assembler:       Armasm.exe V5.05 update 1 (build 106)
Linker/Locator:  ArmLink.exe V5.05 update 1 (build 106)
Library Manager: ArmAr.exe V5.05 update 1 (build 106)
Hex Converter:   FromElf.exe V5.05 update 1 (build 106)
CPU DLL:         SARMCM3.DLL V5.14.0.0
Dialog DLL:      DARMSTM.DLL V1.65.0.0
Target DLL:      Segger\JL2CM3.dll V2.99.13.0
Dialog DLL:      TARMSTM.DLL   V1.64.0.0
 
<h2>Project:</h2>
C:\Users\Blanc\Desktop\2，标准例程-V3.5库函数版本\ALIENTEK MINISTM32 实验0-1 Template工程模板-新建工程章节使用\USER\Template.uvprojx
Project File Date:  08/13/2015

<h2>Output:</h2>
Build target 'Template'
compiling main.c...
main.c(32): warning:  #940-D: missing return statement at end of non-void function "class_hour"
  }      
main.c(33): warning:  #1-D: last line of file ends without a newline
         
main.c: 2 warnings, 0 errors
linking...
Program Size: Code=6340 RO-data=336 RW-data=64 ZI-data=1832  
FromELF: creating hex file...
"..\OBJ\Template.axf" - 0 Error(s), 2 Warning(s).

<h2>Collection of Component include folders:</h2>
  C:\Users\Blanc\Desktop\2，标准例程-V3.5库函数版本\ALIENTEK MINISTM32 实验0-1 Template工程模板-新建工程章节使用\USER\RTE
  C:\Keil_v5\ARM\PACK\Keil\STM32F1xx_DFP\1.0.5\Device\Include

<h2>Collection of Component Files used:</h2>
</pre>
</body>
</html>
